Component: ARM Compiler 5.06 update 5 (build 528) Tool: armlink [4d35e2]

==============================================================================

Section Cross References

    main.o(.text) refers to ov2640.o(.text) for OV2640_JPEG_Mode
    main.o(.text) refers to dcmi.o(.text) for My_DCMI_Init
    main.o(.text) refers to esp8266.o(.text) for SendPicDataInit
    main.o(.text) refers to stm32f4xx_dma.o(.text) for DMA_Cmd
    main.o(.text) refers to stm32f4xx_usart.o(.text) for USART_GetFlagStatus
    main.o(.text) refers to oled.o(.text) for OLED_ShowString
    main.o(.text) refers to sim900a.o(.text) for SendBookingData
    main.o(.text) refers to main.o(.bss) for jpeg_buf
    main.o(.text) refers to main.o(.constdata) for jpeg_img_size_tbl
    main.o(.text) refers to main.o(.data) for size
    main.o(.text) refers to esp8266.o(.data) for id
    main.o(.text) refers to esp8266.o(.bss) for phone
    main.o(.text) refers to hcsr04.o(.text) for Get_Length
    main.o(.text) refers to stm32f4xx_tim.o(.text) for TIM_SetCompare1
    main.o(.text) refers to misc.o(.text) for NVIC_PriorityGroupConfig
    main.o(.text) refers to delay.o(.text) for delay_init
    main.o(.text) refers to usart.o(.text) for uart_init
    main.o(.text) refers to timer.o(.text) for TIM3_Init
    main.o(.text) refers to car.o(.text) for CAR_GPIO_Config
    main.o(.text) refers to key.o(.text) for GPIO_IT_Config
    system_stm32f4xx.o(.text) refers to system_stm32f4xx.o(.data) for SystemCoreClock
    ov2640.o(.text) refers to _printf_percent.o(.ARM.Collect$$_printf_percent$$00000000) for _printf_percent
    ov2640.o(.text) refers to _printf_d.o(.ARM.Collect$$_printf_percent$$00000009) for _printf_d
    ov2640.o(.text) refers to _printf_dec.o(.text) for _printf_int_dec
    ov2640.o(.text) refers to stm32f4xx_rcc.o(.text) for RCC_AHB1PeriphClockCmd
    ov2640.o(.text) refers to stm32f4xx_gpio.o(.text) for GPIO_Init
    ov2640.o(.text) refers to delay.o(.text) for delay_ms
    ov2640.o(.text) refers to sccb.o(.text) for SCCB_Init
    ov2640.o(.text) refers to noretval__2printf.o(.text) for __2printf
    ov2640.o(.text) refers to ov2640.o(.constdata) for ov2640_sxga_init_reg_tbl
    sccb.o(.text) refers to stm32f4xx_rcc.o(.text) for RCC_AHB1PeriphClockCmd
    sccb.o(.text) refers to stm32f4xx_gpio.o(.text) for GPIO_Init
    sccb.o(.text) refers to delay.o(.text) for delay_us
    dcmi.o(.text) refers to stm32f4xx_dcmi.o(.text) for DCMI_GetITStatus
    dcmi.o(.text) refers to main.o(.text) for jpeg_data_process
    dcmi.o(.text) refers to stm32f4xx_rcc.o(.text) for RCC_AHB1PeriphClockCmd
    dcmi.o(.text) refers to stm32f4xx_dma.o(.text) for DMA_DeInit
    dcmi.o(.text) refers to stm32f4xx_gpio.o(.text) for GPIO_Init
    dcmi.o(.text) refers to misc.o(.text) for NVIC_Init
    dcmi.o(.text) refers to dcmi.o(.data) for ov_frame
    dcmi.o(.text) refers to dcmi.o(.bss) for DCMI_InitStructure
    esp8266.o(.text) refers to _printf_percent.o(.ARM.Collect$$_printf_percent$$00000000) for _printf_percent
    esp8266.o(.text) refers to _printf_s.o(.ARM.Collect$$_printf_percent$$00000014) for _printf_s
    esp8266.o(.text) refers to _printf_str.o(.text) for _printf_str
    esp8266.o(.text) refers to stm32f4xx_usart.o(.text) for USART_GetITStatus
    esp8266.o(.text) refers to strstr.o(.text) for strstr
    esp8266.o(.text) refers to strncpy.o(.text) for strncpy
    esp8266.o(.text) refers to main.o(.text) for handleCarBooking
    esp8266.o(.text) refers to stm32f4xx_rcc.o(.text) for RCC_AHB1PeriphClockCmd
    esp8266.o(.text) refers to stm32f4xx_gpio.o(.text) for GPIO_PinAFConfig
    esp8266.o(.text) refers to misc.o(.text) for NVIC_Init
    esp8266.o(.text) refers to delay.o(.text) for delay_ms
    esp8266.o(.text) refers to noretval__2sprintf.o(.text) for __2sprintf
    esp8266.o(.text) refers to noretval__2printf.o(.text) for __2printf
    esp8266.o(.text) refers to esp8266.o(.data) for USART2_RX_STA
    esp8266.o(.text) refers to esp8266.o(.bss) for USART2_RX_BUF
    esp8266.o(.text) refers to main.o(.data) for initEsp8266Success
    hcsr04.o(.text) refers to stm32f4xx_rcc.o(.text) for RCC_AHB1PeriphClockCmd
    hcsr04.o(.text) refers to stm32f4xx_gpio.o(.text) for GPIO_Init
    hcsr04.o(.text) refers to stm32f4xx_tim.o(.text) for TIM_TimeBaseInit
    hcsr04.o(.text) refers to misc.o(.text) for NVIC_Init
    hcsr04.o(.text) refers to noretval__2printf.o(.text) for __2printf
    hcsr04.o(.text) refers to delay.o(.text) for delay_us
    hcsr04.o(.text) refers to hcsr04.o(.data) for TIMcount
    key.o(.text) refers to stm32f4xx_rcc.o(.text) for RCC_AHB1PeriphClockCmd
    key.o(.text) refers to stm32f4xx_gpio.o(.text) for GPIO_Init
    key.o(.text) refers to stm32f4xx_exti.o(.text) for EXTI_Init
    key.o(.text) refers to misc.o(.text) for NVIC_Init
    key.o(.text) refers to stm32f4xx_syscfg.o(.text) for SYSCFG_EXTILineConfig
    key.o(.text) refers to oled.o(.text) for OLED_ShowChLength
    key.o(.text) refers to esp8266.o(.text) for ESP_Init
[...]
    .ARM.Collect$$libinit$$00000001          0x0800024e   Section        4  libinit2.o(.ARM.Collect$$libinit$$00000001)
    .ARM.Collect$$libinit$$00000004          0x08000252   Section        0  libinit2.o(.ARM.Collect$$libinit$$00000004)
    .ARM.Collect$$libinit$$0000000A          0x08000252   Section        0  libinit2.o(.ARM.Collect$$libinit$$0000000A)
    .ARM.Collect$$libinit$$0000000C          0x08000252   Section        0  libinit2.o(.ARM.Collect$$libinit$$0000000C)
    .ARM.Collect$$libinit$$0000000E          0x08000252   Section        0  libinit2.o(.ARM.Collect$$libinit$$0000000E)
    .ARM.Collect$$libinit$$00000011          0x08000252   Section        0  libinit2.o(.ARM.Collect$$libinit$$00000011)
    .ARM.Collect$$libinit$$00000013          0x08000252   Section        0  libinit2.o(.ARM.Collect$$libinit$$00000013)
    .ARM.Collect$$libinit$$00000015          0x08000252   Section        0  libinit2.o(.ARM.Collect$$libinit$$00000015)
    .ARM.Collect$$libinit$$00000017          0x08000252   Section        0  libinit2.o(.ARM.Collect$$libinit$$00000017)
    .ARM.Collect$$libinit$$00000019          0x08000252   Section        0  libinit2.o(.ARM.Collect$$libinit$$00000019)
    .ARM.Collect$$libinit$$0000001B          0x08000252   Section        0  libinit2.o(.ARM.Collect$$libinit$$0000001B)
    .ARM.Collect$$libinit$$0000001D          0x08000252   Section        0  libinit2.o(.ARM.Collect$$libinit$$0000001D)
    .ARM.Collect$$libinit$$0000001F          0x08000252   Section        0  libinit2.o(.ARM.Collect$$libinit$$0000001F)
    .ARM.Collect$$libinit$$00000021          0x08000252   Section        0  libinit2.o(.ARM.Collect$$libinit$$00000021)
    .ARM.Collect$$libinit$$00000023          0x08000252   Section        0  libinit2.o(.ARM.Collect$$libinit$$00000023)
    .ARM.Collect$$libinit$$00000025          0x08000252   Section        0  libinit2.o(.ARM.Collect$$libinit$$00000025)
    .ARM.Collect$$libinit$$0000002C          0x08000252   Section        0  libinit2.o(.ARM.Collect$$libinit$$0000002C)
    .ARM.Collect$$libinit$$0000002E          0x08000252   Section        0  libinit2.o(.ARM.Collect$$libinit$$0000002E)
    .ARM.Collect$$libinit$$00000030          0x08000252   Section        0  libinit2.o(.ARM.Collect$$libinit$$00000030)
    .ARM.Collect$$libinit$$00000032          0x08000252   Section        0  libinit2.o(.ARM.Collect$$libinit$$00000032)
    .ARM.Collect$$libinit$$00000033          0x08000252   Section        2  libinit2.o(.ARM.Collect$$libinit$$00000033)
    .ARM.Collect$$libshutdown$$00000000      0x08000254   Section        2  libshutdown.o(.ARM.Collect$$libshutdown$$00000000)
    .ARM.Collect$$libshutdown$$00000002      0x08000256   Section        0  libshutdown2.o(.ARM.Collect$$libshutdown$$00000002)
    .ARM.Collect$$libshutdown$$00000004      0x08000256   Section        0  libshutdown2.o(.ARM.Collect$$libshutdown$$00000004)
    .ARM.Collect$$libshutdown$$00000007      0x08000256   Section        0  libshutdown2.o(.ARM.Collect$$libshutdown$$00000007)
    .ARM.Collect$$libshutdown$$0000000A      0x08000256   Section        0  libshutdown2.o(.ARM.Collect$$libshutdown$$0000000A)
    .ARM.Collect$$libshutdown$$0000000C      0x08000256   Section        0  libshutdown2.o(.ARM.Collect$$libshutdown$$0000000C)
    .ARM.Collect$$libshutdown$$0000000F      0x08000256   Section        0  libshutdown2.o(.ARM.Collect$$libshutdown$$0000000F)
    .ARM.Collect$$libshutdown$$00000010      0x08000256   Section        2  libshutdown2.o(.ARM.Collect$$libshutdown$$00000010)
    .ARM.Collect$$rtentry$$00000000          0x08000258   Section        0  __rtentry.o(.ARM.Collect$$rtentry$$00000000)
    .ARM.Collect$$rtentry$$00000002          0x08000258   Section        0  __rtentry2.o(.ARM.Collect$$rtentry$$00000002)
    .ARM.Collect$$rtentry$$00000004          0x08000258   Section        6  __rtentry4.o(.ARM.Collect$$rtentry$$00000004)
    .ARM.Collect$$rtentry$$00000009          0x0800025e   Section        0  __rtentry2.o(.ARM.Collect$$rtentry$$00000009)
    .ARM.Collect$$rtentry$$0000000A          0x0800025e   Section        4  __rtentry2.o(.ARM.Collect$$rtentry$$0000000A)
    .ARM.Collect$$rtentry$$0000000C          0x08000262   Section        0  __rtentry2.o(.ARM.Collect$$rtentry$$0000000C)
    .ARM.Collect$$rtentry$$0000000D          0x08000262   Section        8  __rtentry2.o(.ARM.Collect$$rtentry$$0000000D)
    .ARM.Collect$$rtexit$$00000000           0x0800026a   Section        2  rtexit.o(.ARM.Collect$$rtexit$$00000000)
    .ARM.Collect$$rtexit$$00000002           0x0800026c   Section        0  rtexit2.o(.ARM.Collect$$rtexit$$00000002)
    .ARM.Collect$$rtexit$$00000003           0x0800026c   Section        4  rtexit2.o(.ARM.Collect$$rtexit$$00000003)
    .ARM.Collect$$rtexit$$00000004           0x08000270   Section        6  rtexit2.o(.ARM.Collect$$rtexit$$00000004)
    .text                                    0x08000278   Section        0  main.o(.text)
    .text                                    0x080009cc   Section        0  stm32f4xx_it.o(.text)
    .text                                    0x080009e8   Section        0  system_stm32f4xx.o(.text)
    SetSysClock                              0x080009e9   Thumb Code   220  system_stm32f4xx.o(.text)
    .text                                    0x08000bf8   Section        0  ov2640.o(.text)
    .text                                    0x080011dc   Section        0  sccb.o(.text)
    .text                                    0x08001450   Section        0  dcmi.o(.text)
    .text                                    0x08001644   Section        0  esp8266.o(.text)
    JudgeStr                                 0x080018cd   Thumb Code    70  esp8266.o(.text)
    .text                                    0x08001b2c   Section        0  hcsr04.o(.text)
    .text                                    0x08001d20   Section        0  key.o(.text)
    .text                                    0x08001de8   Section        0  oled.o(.text)
    .text                                    0x08002840   Section        0  sim900a.o(.text)
    .text                                    0x080029dc   Section        0  timer.o(.text)
    .text                                    0x08002b38   Section        0  car.o(.text)
    .text                                    0x08002b6c   Section        0  delay.o(.text)
    .text                                    0x08002c70   Section        0  usart.o(.text)
    .text                                    0x08002dc8   Section       64  startup_stm32f40_41xxx.o(.text)
    $v0                                      0x08002dc8   Number         0  startup_stm32f40_41xxx.o(.text)
    .text                                    0x08002e08   Section        0  misc.o(.text)
    .text                                    0x08002ee8   Section        0  stm32f4xx_gpio.o(.text)
    .text                                    0x0800317c   Section        0  stm32f4xx_rcc.o(.text)
    .text                                    0x080037d8   Section        0  stm32f4xx_usart.o(.text)
    .text                                    0x08003c2c   Section        0  stm32f4xx_syscfg.o(.text)
    .text                                    0x08003cc0   Section        0  stm32f4xx_dcmi.o(.text)
    .text                                    0x08003e4c   Section        0  stm32f4xx_dma.o(.text)
    .text                                    0x080041f4   Section        0  stm32f4xx_tim.o(.text)
    TI4_Config                               0x08004993   Thumb Code    80  stm32f4xx_tim.o(.text)
    TI3_Config                               0x080049f5   Thumb Code    72  stm32f4xx_tim.o(.text)
    TI2_Config                               0x08004a57   Thumb Code    90  stm32f4xx_tim.o(.text)
    TI1_Config                               0x08004ac3   Thumb Code    58  stm32f4xx_tim.o(.text)
    .text                                    0x08004e98   Section        0  stm32f4xx_exti.o(.text)
    .text                                    0x08004fa8   Section        2  use_no_semi_2.o(.text)
    .text                                    0x08004fac   Section        0  noretval__2printf.o(.text)
    .text                                    0x08004fc4   Section        0  noretval__2sprintf.o(.text)
    .text                                    0x08004fec   Section        0  __printf.o(.text)
    .text                                    0x08005054   Section        0  _printf_str.o(.text)
    .text                                    0x080050a8   Section        0  _printf_dec.o(.text)
    .text                                    0x08005120   Section        0  strstr.o(.text)
    .text                                    0x08005144   Section       86  strncpy.o(.text)
    .text                                    0x0800519a   Section        0  heapauxi.o(.text)
    .text                                    0x080051a0   Section        2  use_no_semi.o(.text)
    .text                                    0x080051a2   Section        0  _printf_intcommon.o(.text)
    .text                                    0x08005254   Section        0  _printf_char_common.o(.text)
    _printf_input_char                       0x08005255   Thumb Code    10  _printf_char_common.o(.text)
    .text                                    0x08005284   Section        0  _sputc.o(.text)
    .text                                    0x0800528e   Section        0  _printf_char.o(.text)
    .text                                    0x080052bc   Section        0  _printf_char_file.o(.text)
    .text                                    0x080052e0   Section       68  rt_memclr.o(.text)
    .text                                    0x08005324   Section        0  ferror.o(.text)
    .text                                    0x0800532c   Section       78  rt_memclr_w.o(.text)
    .text                                    0x0800537a   Section       74  sys_stackheap_outer.o(.text)
    .text                                    0x080053c4   Section        0  exit.o(.text)
    .text                                    0x080053d8   Section        8  libspace.o(.text)
    x$fpl$fpinit                             0x080053e0   Section       10  fpinit.o(x$fpl$fpinit)
    $v0                                      0x080053e0   Number         0  fpinit.o(x$fpl$fpinit)
    .constdata                               0x080053ea   Section       36  main.o(.constdata)
    .constdata                               0x0800540e   Section      808  ov2640.o(.constdata)
    OV2640_AUTOEXPOSURE_LEVEL                0x0800570e   Data          40  ov2640.o(.constdata)
    .constdata                               0x08005736   Section     7888  oled.o(.constdata)
    .data                                    0x20000000   Section      362  main.o(.data)
    .data                                    0x2000016c   Section       20  system_stm32f4xx.o(.data)
    .data                                    0x20000180   Section        1  dcmi.o(.data)
    .data                                    0x20000184   Section       10  esp8266.o(.data)
    .data                                    0x20000190   Section       12  hcsr04.o(.data)
    .data                                    0x2000019c   Section        8  timer.o(.data)
    .data                                    0x200001a4   Section        4  delay.o(.data)
    fac_us                                   0x200001a4   Data           1  delay.o(.data)
    fac_ms                                   0x200001a6   Data           2  delay.o(.data)
    .data                                    0x200001a8   Section        6  usart.o(.data)
    .data                                    0x200001ae   Section       16  stm32f4xx_rcc.o(.data)
    APBAHBPrescTable                         0x200001ae   Data          16  stm32f4xx_rcc.o(.data)
    .bss                                     0x200001c0   Section    40976  main.o(.bss)
    .bss                                     0x2000a1d0   Section       14  dcmi.o(.bss)
    .bss                                     0x2000a1de   Section     1811  esp8266.o(.bss)
    .bss                                     0x2000a8f1   Section     1152  oled.o(.bss)
    .bss                                     0x2000ad74   Section      512  sim900a.o(.bss)
    .bss                                     0x2000af74   Section      200  usart.o(.bss)
    .bss                                     0x2000b03c   Section       96  libspace.o(.bss)
    HEAP                                     0x2000b0a0   Section      512  startup_stm32f40_41xxx.o(HEAP)
    Heap_Mem                                 0x2000b0a0   Data         512  startup_stm32f40_41xxx.o(HEAP)
    STACK                                    0x2000b2a0   Section     1024  startup_stm32f40_41xxx.o(STACK)
    Stack_Mem                                0x2000b2a0   Data        1024  startup_stm32f40_41xxx.o(STACK)
    __initial_sp                             0x2000b6a0   Data           0  startup_stm32f40_41xxx.o(STACK)

    Global Symbols

    Symbol Name                              Value     Ov Type        Size  Object(Section)

    BuildAttributes$$THM_ISAv4$E$P$D$K$B$S$7EM$VFPi3$EXTD16$VFPS$VFMA$PE$A:L22UL41UL21$X:L11$S22US41US21$IEEE1$IW$USESV6$~STKCKD$USESV7$~SHL$OSPACE$ROPI$EBA8$UX$STANDARDLIB$REQ8$PRES8$EABIv2 0x00000000   Number         0  anon$$obj.o ABSOLUTE
    __ARM_use_no_argv                        0x00000000   Number         0  main.o ABSOLUTE
    __ARM_exceptions_init                     - Undefined Weak Reference
    __alloca_initialize                       - Undefined Weak Reference
    __arm_preinit_                            - Undefined Weak Reference
    __cpp_initialize__aeabi_                  - Undefined Weak Reference
    __cxa_finalize                            - Undefined Weak Reference
    __rt_locale                               - Undefined Weak Reference
    __sigvec_lookup                           - Undefined Weak Reference
    _atexit_init                              - Undefined Weak Reference
    _call_atexit_fns                          - Undefined Weak Reference
    _clock_init                               - Undefined Weak Reference
    _fp_trap_init                             - Undefined Weak Reference
    _fp_trap_shutdown                         - Undefined Weak Reference
    _get_lc_collate                           - Undefined Weak Reference
    _get_lc_ctype                             - Undefined Weak Reference
    _get_lc_monetary                          - Undefined Weak Reference
    _get_lc_numeric                           - Undefined Weak Reference
    _get_lc_time                              - Undefined Weak Reference
    _getenv_init                              - Undefined Weak Reference
    _handle_redirection                       - Undefined Weak Reference
    _init_alloc                               - Undefined Weak Reference
    _init_user_alloc                          - Undefined Weak Reference
    _initio                                   - Undefined Weak Reference
    _mutex_acquire                            - Undefined Weak Reference
    _mutex_release                            - Undefined Weak Reference
    _printf_mbtowc                            - Undefined Weak Reference
    _printf_post_padding                      - Undefined Weak Reference
    _printf_pre_padding                       - Undefined Weak Reference
    _printf_truncate_signed                   - Undefined Weak Reference
    _printf_truncate_unsigned                 - Undefined Weak Reference
    _rand_init                                - Undefined Weak Reference
    _signal_finish                            - Undefined Weak Reference
    _signal_init                              - Undefined Weak Reference
    _terminate_alloc                          - Undefined Weak Reference
    _terminate_user_alloc                     - Undefined Weak Reference
    _terminateio                              - Undefined Weak Reference
    __Vectors_Size                           0x00000188   Number         0  startup_stm32f40_41xxx.o ABSOLUTE
    __Vectors                                0x08000000   Data           4  startup_stm32f40_41xxx.o(RESET)
    __Vectors_End                            0x08000188   Data           0  startup_stm32f40_41xxx.o(RESET)
    __main                                   0x08000189   Thumb Code     8  __main.o(!!!main)
    __scatterload                            0x08000191   Thumb Code     0  __scatter.o(!!!scatter)
    __scatterload_rt2                        0x08000191   Thumb Code    44  __scatter.o(!!!scatter)
    __scatterload_rt2_thumb_only             0x08000191   Thumb Code     0  __scatter.o(!!!scatter)
    __scatterload_null                       0x0800019f   Thumb Code     0  __scatter.o(!!!scatter)
    __decompress                             0x080001c5   Thumb Code    90  __dczerorl2.o(!!dczerorl2)
    __decompress1                            0x080001c5   Thumb Code     0  __dczerorl2.o(!!dczerorl2)
    __scatterload_zeroinit                   0x08000221   Thumb Code    28  __scatter_zi.o(!!handler_zi)
    _printf_d                                0x0800023d   Thumb Code     0  _printf_d.o(.ARM.Collect$$_printf_percent$$00000009)
    _printf_percent                          0x0800023d   Thumb Code     0  _printf_percent.o(.ARM.Collect$$_printf_percent$$00000000)
    _printf_s                                0x08000243   Thumb Code     0  _printf_s.o(.ARM.Collect$$_printf_percent$$00000014)
    _printf_percent_end                      0x08000249   Thumb Code     0  _printf_percent_end.o(.ARM.Collect$$_printf_percent$$00000017)
    __rt_lib_init                            0x0800024d   Thumb Code     0  libinit.o(.ARM.Collect$$libinit$$00000000)
    __rt_lib_init_fp_1                       0x0800024f   Thumb Code     0  libinit2.o(.ARM.Collect$$libinit$$00000001)
    __rt_lib_init_alloca_1                   0x08000253   Thumb Code     0  libinit2.o(.ARM.Collect$$libinit$$0000002E)
    __rt_lib_init_argv_1                     0x08000253   Thumb Code     0  libinit2.o(.ARM.Collect$$libinit$$0000002C)
    __rt_lib_init_atexit_1                   0x08000253   Thumb Code     0  libinit2.o(.ARM.Collect$$libinit$$0000001B)
    __rt_lib_init_clock_1                    0x08000253   Thumb Code     0  libinit2.o(.ARM.Collect$$libinit$$00000021)
    __rt_lib_init_cpp_1                      0x08000253   Thumb Code     0  libinit2.o(.ARM.Collect$$libinit$$00000032)
    __rt_lib_init_exceptions_1               0x08000253   Thumb Code     0  libinit2.o(.ARM.Collect$$libinit$$00000030)
    __rt_lib_init_fp_trap_1                  0x08000253   Thumb Code     0  libinit2.o(.ARM.Collect$$libinit$$0000001F)
    __rt_lib_init_getenv_1                   0x08000253   Thumb Code     0  libinit2.o(.ARM.Collect$$libinit$$00000023)
    __rt_lib_init_heap_1                     0x08000253   Thumb Code     0  libinit2.o(.ARM.Collect$$libinit$$0000000A)
    __rt_lib_init_lc_collate_1               0x08000253   Thumb Code     0  libinit2.o(.ARM.Collect$$libinit$$00000011)
    __rt_lib_init_lc_ctype_1                 0x08000253   Thumb Code     0  libinit2.o(.ARM.Collect$$libinit$$00000013)
    __rt_lib_init_lc_monetary_1              0x08000253   Thumb Code     0  libinit2.o(.ARM.Collect$$libinit$$00000015)
    __rt_lib_init_lc_numeric_1               0x08000253   Thumb Code     0  libinit2.o(.ARM.Collect$$libinit$$00000017)
    __rt_lib_init_lc_time_1                  0x08000253   Thumb Code     0  libinit2.o(.ARM.Collect$$libinit$$00000019)
    __rt_lib_init_preinit_1                  0x08000253   Thumb Code     0  libinit2.o(.ARM.Collect$$libinit$$00000004)
    __rt_lib_init_rand_1                     0x08000253   Thumb Code     0  libinit2.o(.ARM.Collect$$libinit$$0000000E)
    __rt_lib_init_return                     0x08000253   Thumb Code     0  libinit2.o(.ARM.Collect$$libinit$$00000033)
    __rt_lib_init_signal_1                   0x08000253   Thumb Code     0  libinit2.o(.ARM.Collect$$libinit$$0000001D)
    __rt_lib_init_stdio_1                    0x08000253   Thumb Code     0  libinit2.o(.ARM.Collect$$libinit$$00000025)
    __rt_lib_init_user_alloc_1               0x08000253   Thumb Code     0  libinit2.o(.ARM.Collect$$libinit$$0000000C)
    __rt_lib_shutdown                        0x08000255   Thumb Code     0  libshutdown.o(.ARM.Collect$$libshutdown$$00000000)
    __rt_lib_shutdown_cpp_1                  0x08000257   Thumb Code     0  libshutdown2.o(.ARM.Collect$$libshutdown$$00000002)
    __rt_lib_shutdown_fp_trap_1              0x08000257   Thumb Code     0  libshutdown2.o(.ARM.Collect$$libshutdown$$00000007)
    __rt_lib_shutdown_heap_1                 0x08000257   Thumb Code     0  libshutdown2.o(.ARM.Collect$$libshutdown$$0000000F)
    __rt_lib_shutdown_return                 0x08000257   Thumb Code     0  libshutdown2.o(.ARM.Collect$$libshutdown$$00000010)
    __rt_lib_shutdown_signal_1               0x08000257   Thumb Code     0  libshutdown2.o(.ARM.Collect$$libshutdown$$0000000A)
    __rt_lib_shutdown_stdio_1                0x08000257   Thumb Code     0  libshutdown2.o(.ARM.Collect$$libshutdown$$00000004)
    __rt_lib_shutdown_user_alloc_1           0x08000257   Thumb Code     0  libshutdown2.o(.ARM.Collect$$libshutdown$$0000000C)
    __rt_entry                               0x08000259   Thumb Code     0  __rtentry.o(.ARM.Collect$$rtentry$$00000000)
    __rt_entry_presh_1                       0x08000259   Thumb Code     0  __rtentry2.o(.ARM.Collect$$rtentry$$00000002)
    __rt_entry_sh                            0x08000259   Thumb Code     0  __rtentry4.o(.ARM.Collect$$rtentry$$00000004)
    __rt_entry_li                            0x0800025f   Thumb Code     0  __rtentry2.o(.ARM.Collect$$rtentry$$0000000A)
    __rt_entry_postsh_1                      0x0800025f   Thumb Code     0  __rtentry2.o(.ARM.Collect$$rtentry$$00000009)
    __rt_entry_main                          0x08000263   Thumb Code     0  __rtentry2.o(.ARM.Collect$$rtentry$$0000000D)
    __rt_entry_postli_1                      0x08000263   Thumb Code     0  __rtentry2.o(.ARM.Collect$$rtentry$$0000000C)
    __rt_exit                                0x0800026b   Thumb Code     0  rtexit.o(.ARM.Collect$$rtexit$$00000000)
    __rt_exit_ls                             0x0800026d   Thumb Code     0  rtexit2.o(.ARM.Collect$$rtexit$$00000003)
    __rt_exit_prels_1                        0x0800026d   Thumb Code     0  rtexit2.o(.ARM.Collect$$rtexit$$00000002)
    __rt_exit_exit                           0x08000271   Thumb Code     0  rtexit2.o(.ARM.Collect$$rtexit$$00000004)
    dcmiDataInit                             0x08000279   Thumb Code    66  main.o(.text)
    jpeg_data_process                        0x080002bb   Thumb Code   100  main.o(.text)
    SendPicData                              0x0800031f   Thumb Code   158  main.o(.text)
    handleCarBooking                         0x080003bd   Thumb Code   316  main.o(.text)
    runStatus                                0x080004f9   Thumb Code   890  main.o(.text)
    checkCarSpace                            0x08000873   Thumb Code    46  main.o(.text)
    carGetIn                                 0x080008a1   Thumb Code   122  main.o(.text)
    main                                     0x0800091b   Thumb Code   130  main.o(.text)
    initCarManage                            0x0800099d   Thumb Code    14  main.o(.text)
    NMI_Handler                              0x080009cd   Thumb Code     2  stm32f4xx_it.o(.text)
    HardFault_Handler                        0x080009cf   Thumb Code     4  stm32f4xx_it.o(.text)
    MemManage_Handler                        0x080009d3   Thumb Code     4  stm32f4xx_it.o(.text)
    BusFault_Handler                         0x080009d7   Thumb Code     4  stm32f4xx_it.o(.text)
    UsageFault_Handler                       0x080009db   Thumb Code     4  stm32f4xx_it.o(.text)
    SVC_Handler                              0x080009df   Thumb Code     2  stm32f4xx_it.o(.text)
    DebugMon_Handler                         0x080009e1   Thumb Code     2  stm32f4xx_it.o(.text)
    PendSV_Handler                           0x080009e3   Thumb Code     2  stm32f4xx_it.o(.text)
    SysTick_Handler                          0x080009e5   Thumb Code     2  stm32f4xx_it.o(.text)
    SystemInit                               0x08000ac5   Thumb Code    88  system_stm32f4xx.o(.text)
    SystemCoreClockUpdate                    0x08000b1d   Thumb Code   174  system_stm32f4xx.o(.text)
    OV2640_Init                              0x08000bf9   Thumb Code   232  ov2640.o(.text)
    OV2640_JPEG_Mode                         0x08000ce1   Thumb Code    66  ov2640.o(.text)
    OV2640_RGB565_Mode                       0x08000d23   Thumb Code    36  ov2640.o(.text)
    OV2640_Auto_Exposure                     0x08000d47   Thumb Code    40  ov2640.o(.text)
    OV2640_Light_Mode                        0x08000d6f   Thumb Code   118  ov2640.o(.text)
    OV2640_Color_Saturation                  0x08000de5   Thumb Code    64  ov2640.o(.text)
    OV2640_Brightness                        0x08000e25   Thumb Code    56  ov2640.o(.text)
    OV2640_Contrast                          0x08000e5d   Thumb Code   116  ov2640.o(.text)
    OV2640_Special_Effects                   0x08000ed1   Thumb Code   122  ov2640.o(.text)
    OV2640_Color_Bar                         0x08000f4b   Thumb Code    40  ov2640.o(.text)
    OV2640_Window_Set                        0x08000f73   Thumb Code   214  ov2640.o(.text)
    OV2640_OutSize_Set                       0x08001049   Thumb Code   136  ov2640.o(.text)
    OV2640_ImageWin_Set                      0x080010d1   Thumb Code   188  ov2640.o(.text)
    OV2640_ImageSize_Set                     0x0800118d   Thumb Code    80  ov2640.o(.text)
    SCCB_Init                                0x080011dd   Thumb Code    78  sccb.o(.text)
    SCCB_Start                               0x0800122b   Thumb Code    42  sccb.o(.text)
    SCCB_Stop                                0x08001255   Thumb Code    42  sccb.o(.text)
    SCCB_No_Ack                              0x0800127f   Thumb Code    56  sccb.o(.text)
    SCCB_WR_Byte                             0x080012b7   Thumb Code   154  sccb.o(.text)
    SCCB_RD_Byte                             0x08001351   Thumb Code   104  sccb.o(.text)
    SCCB_WR_Reg                              0x080013b9   Thumb Code    62  sccb.o(.text)
    SCCB_RD_Reg                              0x080013f7   Thumb Code    78  sccb.o(.text)
    DCMI_IRQHandler                          0x08001451   Thumb Code    34  dcmi.o(.text)
    DCMI_DMA_Init                            0x08001473   Thumb Code   102  dcmi.o(.text)
    My_DCMI_Init                             0x080014d9   Thumb Code   280  dcmi.o(.text)
    DCMI_Start                               0x080015f1   Thumb Code    18  dcmi.o(.text)
    DCMI_Stop                                0x08001603   Thumb Code    34  dcmi.o(.text)
    USART2_IRQHandler                        0x08001645   Thumb Code   176  esp8266.o(.text)
    uart2_init                               0x080016f5   Thumb Code   182  esp8266.o(.text)
    ESP_Usart_SendByte                       0x080017ab   Thumb Code    30  esp8266.o(.text)
    ESP_SendString                           0x080017c9   Thumb Code    28  esp8266.o(.text)
    ESP_Init                                 0x080017e5   Thumb Code   168  esp8266.o(.text)
    ESP_subTopic                             0x0800188d   Thumb Code    64  esp8266.o(.text)
    SendPicDataInit                          0x08001913   Thumb Code   114  esp8266.o(.text)
    HC_SR04Init                              0x08001b2d   Thumb Code   178  hcsr04.o(.text)
    TIM4_Open                                0x08001bdf   Thumb Code    26  hcsr04.o(.text)
    TIM4_Close                               0x08001bf9   Thumb Code    12  hcsr04.o(.text)
    TIM4_IRQHandler                          0x08001c05   Thumb Code    28  hcsr04.o(.text)
    Get_Echo_TIM                             0x08001c21   Thumb Code    30  hcsr04.o(.text)
    Get_Length                               0x08001c3f   Thumb Code   174  hcsr04.o(.text)
    GPIO_IT_Config                           0x08001d21   Thumb Code   120  key.o(.text)
    MPU_EXIT_IT_HANDLER                      0x08001d99   Thumb Code    50  key.o(.text)
    IIC_delay                                0x08001de9   Thumb Code    16  oled.o(.text)
    I2C_Stop                                 0x08001df9   Thumb Code    34  oled.o(.text)
    I2C_WaitAck                              0x08001e1b   Thumb Code    44  oled.o(.text)
    Send_Byte                                0x08001e47   Thumb Code    74  oled.o(.text)
    I2C_Start                                0x08001e91   Thumb Code    52  oled.o(.text)
    OLED_WR_Byte                             0x08001ec5   Thumb Code    56  oled.o(.text)
    OLED_ColorTurn                           0x08001efd   Thumb Code    28  oled.o(.text)
    OLED_DisplayTurn                         0x08001f19   Thumb Code    44  oled.o(.text)
    OLED_DisPlay_On                          0x08001f45   Thumb Code    28  oled.o(.text)
    OLED_DisPlay_Off                         0x08001f61   Thumb Code    28  oled.o(.text)
    OLED_Refresh                             0x08001f7d   Thumb Code   100  oled.o(.text)
    OLED_Clear                               0x08001fe1   Thumb Code    42  oled.o(.text)
    OLED_DrawPoint                           0x0800200b   Thumb Code   114  oled.o(.text)
    OLED_DrawLine                            0x0800207d   Thumb Code   172  oled.o(.text)
    OLED_DrawCircle                          0x08002129   Thumb Code   168  oled.o(.text)
    OLED_ShowChar                            0x080021d1   Thumb Code   312  oled.o(.text)
    OLED_ShowString                          0x08002309   Thumb Code    74  oled.o(.text)
    OLED_Pow                                 0x08002353   Thumb Code    22  oled.o(.text)
    OLED_ShowNum                             0x08002369   Thumb Code   140  oled.o(.text)
    OLED_ShowChinese                         0x080023f5   Thumb Code   244  oled.o(.text)
    OLED_ShowChLength                        0x080024e9   Thumb Code    76  oled.o(.text)
    OLED_ScrollDisplay                       0x08002535   Thumb Code   168  oled.o(.text)
    OLED_ShowPicture                         0x080025dd   Thumb Code   252  oled.o(.text)
    OLED_Init                                0x080026d9   Thumb Code   350  oled.o(.text)
    SIM900_Usart_SendByte                    0x08002841   Thumb Code    30  sim900a.o(.text)
    SIM900_Usart_SendString                  0x0800285f   Thumb Code    28  sim900a.o(.text)
    SendBookingData                          0x0800287b   Thumb Code   138  sim900a.o(.text)
    uart3_init                               0x08002905   Thumb Code   124  sim900a.o(.text)
    TIM3_IRQHandler                          0x080029dd   Thumb Code    76  timer.o(.text)
    TIM3_Init                                0x08002a29   Thumb Code    94  timer.o(.text)
    TIM2_PWM_Init                            0x08002a87   Thumb Code   158  timer.o(.text)
    CAR_GPIO_Config                          0x08002b39   Thumb Code    46  car.o(.text)
    delay_init                               0x08002b6d   Thumb Code    52  delay.o(.text)
    delay_us                                 0x08002ba1   Thumb Code    72  delay.o(.text)
    delay_xms                                0x08002be9   Thumb Code    72  delay.o(.text)
    delay_ms                                 0x08002c31   Thumb Code    56  delay.o(.text)
    _sys_exit                                0x08002c71   Thumb Code     6  usart.o(.text)
    fputc                                    0x08002c77   Thumb Code    22  usart.o(.text)
    uart_init                                0x08002c8d   Thumb Code   176  usart.o(.text)
    USART1_IRQHandler                        0x08002d3d   Thumb Code   122  usart.o(.text)
    Reset_Handler                            0x08002dc9   Thumb Code     8  startup_stm32f40_41xxx.o(.text)
    ADC_IRQHandler                           0x08002de3   Thumb Code     0  startup_stm32f40_41xxx.o(.text)
    CAN1_RX0_IRQHandler                      0x08002de3   Thumb Code     0  startup_stm32f40_41xxx.o(.text)
    CAN1_RX1_IRQHandler                      0x08002de3   Thumb Code     0  startup_stm32f40_41xxx.o(.text)
    CAN1_SCE_IRQHandler                      0x08002de3   Thumb Code     0  startup_stm32f40_41xxx.o(.text)
    CAN1_TX_IRQHandler                       0x08002de3   Thumb Code     0  startup_stm32f40_41xxx.o(.text)
    CAN2_RX0_IRQHandler                      0x08002de3   Thumb Code     0  startup_stm32f40_41xxx.o(.text)
    CAN2_RX1_IRQHandler                      0x08002de3   Thumb Code     0  startup_stm32f40_41xxx.o(.text)
    CAN2_SCE_IRQHandler                      0x08002de3   Thumb Code     0  startup_stm32f40_41xxx.o(.text)
    CAN2_TX_IRQHandler                       0x08002de3   Thumb Code     0  startup_stm32f40_41xxx.o(.text)
    CRYP_IRQHandler                          0x08002de3   Thumb Code     0  startup_stm32f40_41xxx.o(.text)
    DMA1_Stream0_IRQHandler                  0x08002de3   Thumb Code     0  startup_stm32f40_41xxx.o(.text)
    DMA1_Stream1_IRQHandler                  0x08002de3   Thumb Code     0  startup_stm32f40_41xxx.o(.text)
    DMA1_Stream2_IRQHandler                  0x08002de3   Thumb Code     0  startup_stm32f40_41xxx.o(.text)
    DMA1_Stream3_IRQHandler                  0x08002de3   Thumb Code     0  startup_stm32f40_41xxx.o(.text)
    DMA1_Stream4_IRQHandler                  0x08002de3   Thumb Code     0  startup_stm32f40_41xxx.o(.text)
    DMA1_Stream5_IRQHandler                  0x08002de3   Thumb Code     0  startup_stm32f40_41xxx.o(.text)
    DMA1_Stream6_IRQHandler                  0x08002de3   Thumb Code     0  startup_stm32f40_41xxx.o(.text)
    DMA1_Stream7_IRQHandler                  0x08002de3   Thumb Code     0  startup_stm32f40_41xxx.o(.text)
    DMA2_Stream0_IRQHandler                  0x08002de3   Thumb Code     0  startup_stm32f40_41xxx.o(.text)
    DMA2_Stream1_IRQHandler                  0x08002de3   Thumb Code     0  startup_stm32f40_41xxx.o(.text)
    DMA2_Stream2_IRQHandler                  0x08002de3   Thumb Code     0  startup_stm32f40_41xxx.o(.text)
    DMA2_Stream3_IRQHandler                  0x08002de3   Thumb Code     0  startup_stm32f40_41xxx.o(.text)
    DMA2_Stream4_IRQHandler                  0x08002de3   Thumb Code     0  startup_stm32f40_41xxx.o(.text)
    DMA2_Stream5_IRQHandler                  0x08002de3   Thumb Code     0  startup_stm32f40_41xxx.o(.text)
    DMA2_Stream6_IRQHandler                  0x08002de3   Thumb Code     0  startup_stm32f40_41xxx.o(.text)
    DMA2_Stream7_IRQHandler                  0x08002de3   Thumb Code     0  startup_stm32f40_41xxx.o(.text)
    ETH_IRQHandler                           0x08002de3   Thumb Code     0  startup_stm32f40_41xxx.o(.text)
    ETH_WKUP_IRQHandler                      0x08002de3   Thumb Code     0  startup_stm32f40_41xxx.o(.text)
    EXTI0_IRQHandler                         0x08002de3   Thumb Code     0  startup_stm32f40_41xxx.o(.text)
    EXTI15_10_IRQHandler                     0x08002de3   Thumb Code     0  startup_stm32f40_41xxx.o(.text)
    EXTI1_IRQHandler                         0x08002de3   Thumb Code     0  startup_stm32f40_41xxx.o(.text)
    EXTI2_IRQHandler                         0x08002de3   Thumb Code     0  startup_stm32f40_41xxx.o(.text)
    EXTI3_IRQHandler                         0x08002de3   Thumb Code     0  startup_stm32f40_41xxx.o(.text)
    EXTI4_IRQHandler                         0x08002de3   Thumb Code     0  startup_stm32f40_41xxx.o(.text)
    EXTI9_5_IRQHandler                       0x08002de3   Thumb Code     0  startup_stm32f40_41xxx.o(.text)
    FLASH_IRQHandler                         0x08002de3   Thumb Code     0  startup_stm32f40_41xxx.o(.text)
    FPU_IRQHandler                           0x08002de3   Thumb Code     0  startup_stm32f40_41xxx.o(.text)
    FSMC_IRQHandler                          0x08002de3   Thumb Code     0  startup_stm32f40_41xxx.o(.text)
    HASH_RNG_IRQHandler                      0x08002de3   Thumb Code     0  startup_stm32f40_41xxx.o(.text)
    I2C1_ER_IRQHandler                       0x08002de3   Thumb Code     0  startup_stm32f40_41xxx.o(.text)
    I2C1_EV_IRQHandler                       0x08002de3   Thumb Code     0  startup_stm32f40_41xxx.o(.text)
    I2C2_ER_IRQHandler                       0x08002de3   Thumb Code     0  startup_stm32f40_41xxx.o(.text)
    I2C2_EV_IRQHandler                       0x08002de3   Thumb Code     0  startup_stm32f40_41xxx.o(.text)
    I2C3_ER_IRQHandler                       0x08002de3   Thumb Code     0  startup_stm32f40_41xxx.o(.text)
    I2C3_EV_IRQHandler                       0x08002de3   Thumb Code     0  startup_stm32f40_41xxx.o(.text)
    OTG_FS_IRQHandler                        0x08002de3   Thumb Code     0  startup_stm32f40_41xxx.o(.text)
    OTG_FS_WKUP_IRQHandler                   0x08002de3   Thumb Code     0  startup_stm32f40_41xxx.o(.text)
    OTG_HS_EP1_IN_IRQHandler                 0x08002de3   Thumb Code     0  startup_stm32f40_41xxx.o(.text)
    OTG_HS_EP1_OUT_IRQHandler                0x08002de3   Thumb Code     0  startup_stm32f40_41xxx.o(.text)
    OTG_HS_IRQHandler                        0x08002de3   Thumb Code     0  startup_stm32f40_41xxx.o(.text)
    OTG_HS_WKUP_IRQHandler                   0x08002de3   Thumb Code     0  startup_stm32f40_41xxx.o(.text)
    PVD_IRQHandler                           0x08002de3   Thumb Code     0  startup_stm32f40_41xxx.o(.text)
    RCC_IRQHandler                           0x08002de3   Thumb Code     0  startup_stm32f40_41xxx.o(.text)
    RTC_Alarm_IRQHandler                     0x08002de3   Thumb Code     0  startup_stm32f40_41xxx.o(.text)
    RTC_WKUP_IRQHandler                      0x08002de3   Thumb Code     0  startup_stm32f40_41xxx.o(.text)
    SDIO_IRQHandler                          0x08002de3   Thumb Code     0  startup_stm32f40_41xxx.o(.text)
    SPI1_IRQHandler                          0x08002de3   Thumb Code     0  startup_stm32f40_41xxx.o(.text)
    SPI2_IRQHandler                          0x08002de3   Thumb Code     0  startup_stm32f40_41xxx.o(.text)
    SPI3_IRQHandler                          0x08002de3   Thumb Code     0  startup_stm32f40_41xxx.o(.text)
    TAMP_STAMP_IRQHandler                    0x08002de3   Thumb Code     0  startup_stm32f40_41xxx.o(.text)
    TIM1_BRK_TIM9_IRQHandler                 0x08002de3   Thumb Code     0  startup_stm32f40_41xxx.o(.text)
    TIM1_CC_IRQHandler                       0x08002de3   Thumb Code     0  startup_stm32f40_41xxx.o(.text)
    TIM1_TRG_COM_TIM11_IRQHandler            0x08002de3   Thumb Code     0  startup_stm32f40_41xxx.o(.text)
    TIM1_UP_TIM10_IRQHandler                 0x08002de3   Thumb Code     0  startup_stm32f40_41xxx.o(.text)
    TIM2_IRQHandler                          0x08002de3   Thumb Code     0  startup_stm32f40_41xxx.o(.text)
    TIM5_IRQHandler                          0x08002de3   Thumb Code     0  startup_stm32f40_41xxx.o(.text)
    TIM6_DAC_IRQHandler                      0x08002de3   Thumb Code     0  startup_stm32f40_41xxx.o(.text)
    TIM7_IRQHandler                          0x08002de3   Thumb Code     0  startup_stm32f40_41xxx.o(.text)
    TIM8_BRK_TIM12_IRQHandler                0x08002de3   Thumb Code     0  startup_stm32f40_41xxx.o(.text)
    TIM8_CC_IRQHandler                       0x08002de3   Thumb Code     0  startup_stm32f40_41xxx.o(.text)
    TIM8_TRG_COM_TIM14_IRQHandler            0x08002de3   Thumb Code     0  startup_stm32f40_41xxx.o(.text)
    TIM8_UP_TIM13_IRQHandler                 0x08002de3   Thumb Code     0  startup_stm32f40_41xxx.o(.text)
    UART4_IRQHandler                         0x08002de3   Thumb Code     0  startup_stm32f40_41xxx.o(.text)
    UART5_IRQHandler                         0x08002de3   Thumb Code     0  startup_stm32f40_41xxx.o(.text)
    USART3_IRQHandler                        0x08002de3   Thumb Code     0  startup_stm32f40_41xxx.o(.text)
    USART6_IRQHandler                        0x08002de3   Thumb Code     0  startup_stm32f40_41xxx.o(.text)
    WWDG_IRQHandler                          0x08002de3   Thumb Code     0  startup_stm32f40_41xxx.o(.text)
    __user_initial_stackheap                 0x08002de5   Thumb Code     0  startup_stm32f40_41xxx.o(.text)
    NVIC_PriorityGroupConfig                 0x08002e09   Thumb Code    10  misc.o(.text)
    NVIC_Init                                0x08002e13   Thumb Code   106  misc.o(.text)
    NVIC_SetVectorTable                      0x08002e7d   Thumb Code    14  misc.o(.text)
    NVIC_SystemLPConfig                      0x08002e8b   Thumb Code    34  misc.o(.text)
    SysTick_CLKSourceConfig                  0x08002ead   Thumb Code    40  misc.o(.text)
    GPIO_DeInit                              0x08002ee9   Thumb Code   268  stm32f4xx_gpio.o(.text)
    GPIO_Init                                0x08002ff5   Thumb Code   144  stm32f4xx_gpio.o(.text)
    GPIO_StructInit                          0x08003085   Thumb Code    18  stm32f4xx_gpio.o(.text)
    GPIO_PinLockConfig                       0x08003097   Thumb Code    34  stm32f4xx_gpio.o(.text)
    GPIO_ReadInputDataBit                    0x080030b9   Thumb Code    18  stm32f4xx_gpio.o(.text)
    GPIO_ReadInputData                       0x080030cb   Thumb Code     8  stm32f4xx_gpio.o(.text)
    GPIO_ReadOutputDataBit                   0x080030d3   Thumb Code    18  stm32f4xx_gpio.o(.text)
    GPIO_ReadOutputData                      0x080030e5   Thumb Code     8  stm32f4xx_gpio.o(.text)
    GPIO_SetBits                             0x080030ed   Thumb Code     4  stm32f4xx_gpio.o(.text)
    GPIO_ResetBits                           0x080030f1   Thumb Code     4  stm32f4xx_gpio.o(.text)
    GPIO_WriteBit                            0x080030f5   Thumb Code    10  stm32f4xx_gpio.o(.text)
    GPIO_Write                               0x080030ff   Thumb Code     4  stm32f4xx_gpio.o(.text)
    GPIO_ToggleBits                          0x08003103   Thumb Code     8  stm32f4xx_gpio.o(.text)
    GPIO_PinAFConfig                         0x0800310b   Thumb Code    70  stm32f4xx_gpio.o(.text)
    RCC_DeInit                               0x0800317d   Thumb Code    82  stm32f4xx_rcc.o(.text)
    RCC_HSEConfig                            0x080031cf   Thumb Code    14  stm32f4xx_rcc.o(.text)
    RCC_GetFlagStatus                        0x080031dd   Thumb Code    60  stm32f4xx_rcc.o(.text)
    RCC_WaitForHSEStartUp                    0x08003219   Thumb Code    56  stm32f4xx_rcc.o(.text)
    RCC_AdjustHSICalibrationValue            0x08003251   Thumb Code    20  stm32f4xx_rcc.o(.text)
    RCC_HSICmd                               0x08003265   Thumb Code     6  stm32f4xx_rcc.o(.text)
    RCC_LSEConfig                            0x0800326b   Thumb Code    46  stm32f4xx_rcc.o(.text)
    RCC_LSICmd                               0x08003299   Thumb Code     6  stm32f4xx_rcc.o(.text)
    RCC_PLLConfig                            0x0800329f   Thumb Code    32  stm32f4xx_rcc.o(.text)
    RCC_PLLCmd                               0x080032bf   Thumb Code     6  stm32f4xx_rcc.o(.text)
    RCC_PLLI2SConfig                         0x080032c5   Thumb Code    14  stm32f4xx_rcc.o(.text)
    RCC_PLLI2SCmd                            0x080032d3   Thumb Code     6  stm32f4xx_rcc.o(.text)
    RCC_PLLSAIConfig                         0x080032d9   Thumb Code    20  stm32f4xx_rcc.o(.text)
    RCC_PLLSAICmd                            0x080032ed   Thumb Code     6  stm32f4xx_rcc.o(.text)
    RCC_ClockSecuritySystemCmd               0x080032f3   Thumb Code     6  stm32f4xx_rcc.o(.text)
    RCC_MCO1Config                           0x080032f9   Thumb Code    28  stm32f4xx_rcc.o(.text)
    RCC_MCO2Config                           0x08003315   Thumb Code    28  stm32f4xx_rcc.o(.text)
    RCC_SYSCLKConfig                         0x08003331   Thumb Code    20  stm32f4xx_rcc.o(.text)
    RCC_GetSYSCLKSource                      0x08003345   Thumb Code    12  stm32f4xx_rcc.o(.text)
    RCC_HCLKConfig                           0x08003351   Thumb Code    20  stm32f4xx_rcc.o(.text)
    RCC_PCLK1Config                          0x08003365   Thumb Code    20  stm32f4xx_rcc.o(.text)
    RCC_PCLK2Config                          0x08003379   Thumb Code    22  stm32f4xx_rcc.o(.text)
    RCC_GetClocksFreq                        0x0800338f   Thumb Code   222  stm32f4xx_rcc.o(.text)
    RCC_RTCCLKConfig                         0x0800346d   Thumb Code    54  stm32f4xx_rcc.o(.text)
    RCC_RTCCLKCmd                            0x080034a3   Thumb Code     8  stm32f4xx_rcc.o(.text)
    RCC_BackupResetCmd                       0x080034ab   Thumb Code     8  stm32f4xx_rcc.o(.text)
    RCC_I2SCLKConfig                         0x080034b3   Thumb Code     6  stm32f4xx_rcc.o(.text)
    RCC_SAIPLLI2SClkDivConfig                0x080034b9   Thumb Code    26  stm32f4xx_rcc.o(.text)
    RCC_SAIPLLSAIClkDivConfig                0x080034d3   Thumb Code    28  stm32f4xx_rcc.o(.text)
    RCC_SAIBlockACLKConfig                   0x080034ef   Thumb Code    20  stm32f4xx_rcc.o(.text)
    RCC_SAIBlockBCLKConfig                   0x08003503   Thumb Code    20  stm32f4xx_rcc.o(.text)
    RCC_LTDCCLKDivConfig                     0x08003517   Thumb Code    20  stm32f4xx_rcc.o(.text)
    RCC_TIMCLKPresConfig                     0x0800352b   Thumb Code     6  stm32f4xx_rcc.o(.text)
    RCC_AHB1PeriphClockCmd                   0x08003531   Thumb Code    34  stm32f4xx_rcc.o(.text)
    RCC_AHB2PeriphClockCmd                   0x08003553   Thumb Code    78  stm32f4xx_rcc.o(.text)
    RCC_AHB3PeriphClockCmd                   0x080035a1   Thumb Code    34  stm32f4xx_rcc.o(.text)
    RCC_APB1PeriphClockCmd                   0x080035c3   Thumb Code    34  stm32f4xx_rcc.o(.text)
    RCC_APB2PeriphClockCmd                   0x080035e5   Thumb Code    34  stm32f4xx_rcc.o(.text)
    RCC_AHB1PeriphResetCmd                   0x08003607   Thumb Code    34  stm32f4xx_rcc.o(.text)
    RCC_AHB2PeriphResetCmd                   0x08003629   Thumb Code    34  stm32f4xx_rcc.o(.text)
    RCC_AHB3PeriphResetCmd                   0x0800364b   Thumb Code    34  stm32f4xx_rcc.o(.text)
    RCC_APB1PeriphResetCmd                   0x0800366d   Thumb Code    34  stm32f4xx_rcc.o(.text)
    RCC_APB2PeriphResetCmd                   0x0800368f   Thumb Code    34  stm32f4xx_rcc.o(.text)
    RCC_AHB1PeriphClockLPModeCmd             0x080036b1   Thumb Code    34  stm32f4xx_rcc.o(.text)
    RCC_AHB2PeriphClockLPModeCmd             0x080036d3   Thumb Code    34  stm32f4xx_rcc.o(.text)
    RCC_AHB3PeriphClockLPModeCmd             0x080036f5   Thumb Code    34  stm32f4xx_rcc.o(.text)
    RCC_APB1PeriphClockLPModeCmd             0x08003717   Thumb Code    34  stm32f4xx_rcc.o(.text)
    RCC_APB2PeriphClockLPModeCmd             0x08003739   Thumb Code    34  stm32f4xx_rcc.o(.text)
    RCC_LSEModeConfig                        0x0800375b   Thumb Code    40  stm32f4xx_rcc.o(.text)
    RCC_ITConfig                             0x08003783   Thumb Code    34  stm32f4xx_rcc.o(.text)
    RCC_ClearFlag                            0x080037a5   Thumb Code    18  stm32f4xx_rcc.o(.text)
    RCC_GetITStatus                          0x080037b7   Thumb Code    22  stm32f4xx_rcc.o(.text)
    RCC_ClearITPendingBit                    0x080037cd   Thumb Code     8  stm32f4xx_rcc.o(.text)
    USART_DeInit                             0x080037d9   Thumb Code   206  stm32f4xx_usart.o(.text)
    USART_Init                               0x080038a7   Thumb Code   204  stm32f4xx_usart.o(.text)
    USART_StructInit                         0x08003973   Thumb Code    24  stm32f4xx_usart.o(.text)
    USART_ClockInit                          0x0800398b   Thumb Code    32  stm32f4xx_usart.o(.text)
    USART_ClockStructInit                    0x080039ab   Thumb Code    12  stm32f4xx_usart.o(.text)
    USART_Cmd                                0x080039b7   Thumb Code    24  stm32f4xx_usart.o(.text)
    USART_SetPrescaler                       0x080039cf   Thumb Code    16  stm32f4xx_usart.o(.text)
    USART_OverSampling8Cmd                   0x080039df   Thumb Code    22  stm32f4xx_usart.o(.text)
    USART_OneBitMethodCmd                    0x080039f5   Thumb Code    24  stm32f4xx_usart.o(.text)
    USART_SendData                           0x08003a0d   Thumb Code     8  stm32f4xx_usart.o(.text)
    USART_ReceiveData                        0x08003a15   Thumb Code    10  stm32f4xx_usart.o(.text)
    USART_SetAddress                         0x08003a1f   Thumb Code    18  stm32f4xx_usart.o(.text)
    USART_ReceiverWakeUpCmd                  0x08003a31   Thumb Code    24  stm32f4xx_usart.o(.text)
    USART_WakeUpConfig                       0x08003a49   Thumb Code    18  stm32f4xx_usart.o(.text)
    USART_LINBreakDetectLengthConfig         0x08003a5b   Thumb Code    18  stm32f4xx_usart.o(.text)
    USART_LINCmd                             0x08003a6d   Thumb Code    24  stm32f4xx_usart.o(.text)
    USART_SendBreak                          0x08003a85   Thumb Code    10  stm32f4xx_usart.o(.text)
    USART_HalfDuplexCmd                      0x08003a8f   Thumb Code    24  stm32f4xx_usart.o(.text)
    USART_SetGuardTime                       0x08003aa7   Thumb Code    16  stm32f4xx_usart.o(.text)
    USART_SmartCardCmd                       0x08003ab7   Thumb Code    24  stm32f4xx_usart.o(.text)
    USART_SmartCardNACKCmd                   0x08003acf   Thumb Code    24  stm32f4xx_usart.o(.text)
    USART_IrDAConfig                         0x08003ae7   Thumb Code    18  stm32f4xx_usart.o(.text)
    USART_IrDACmd                            0x08003af9   Thumb Code    24  stm32f4xx_usart.o(.text)
    USART_DMACmd                             0x08003b11   Thumb Code    18  stm32f4xx_usart.o(.text)
    USART_ITConfig                           0x08003b23   Thumb Code    74  stm32f4xx_usart.o(.text)
    USART_GetFlagStatus                      0x08003b6d   Thumb Code    26  stm32f4xx_usart.o(.text)
    USART_ClearFlag                          0x08003b87   Thumb Code    18  stm32f4xx_usart.o(.text)
    USART_GetITStatus                        0x08003b99   Thumb Code   118  stm32f4xx_usart.o(.text)
    USART_ClearITPendingBit                  0x08003c0f   Thumb Code    30  stm32f4xx_usart.o(.text)
    SYSCFG_DeInit                            0x08003c2d   Thumb Code    22  stm32f4xx_syscfg.o(.text)
    SYSCFG_MemoryRemapConfig                 0x08003c43   Thumb Code     6  stm32f4xx_syscfg.o(.text)
    SYSCFG_MemorySwappingBank                0x08003c49   Thumb Code     6  stm32f4xx_syscfg.o(.text)
    SYSCFG_EXTILineConfig                    0x08003c4f   Thumb Code    66  stm32f4xx_syscfg.o(.text)
    SYSCFG_ETH_MediaInterfaceConfig          0x08003c91   Thumb Code     8  stm32f4xx_syscfg.o(.text)
    SYSCFG_CompensationCellCmd               0x08003c99   Thumb Code     6  stm32f4xx_syscfg.o(.text)
    SYSCFG_GetCompensationCellStatus         0x08003c9f   Thumb Code    22  stm32f4xx_syscfg.o(.text)
    DCMI_DeInit                              0x08003cc1   Thumb Code    24  stm32f4xx_dcmi.o(.text)
    DCMI_Init                                0x08003cd9   Thumb Code    60  stm32f4xx_dcmi.o(.text)
    DCMI_StructInit                          0x08003d15   Thumb Code    18  stm32f4xx_dcmi.o(.text)
    DCMI_CROPConfig                          0x08003d27   Thumb Code    26  stm32f4xx_dcmi.o(.text)
    DCMI_CROPCmd                             0x08003d41   Thumb Code    30  stm32f4xx_dcmi.o(.text)
    DCMI_SetEmbeddedSynchroCodes             0x08003d5f   Thumb Code    26  stm32f4xx_dcmi.o(.text)
    DCMI_JPEGCmd                             0x08003d79   Thumb Code    30  stm32f4xx_dcmi.o(.text)
    DCMI_Cmd                                 0x08003d97   Thumb Code    30  stm32f4xx_dcmi.o(.text)
    DCMI_CaptureCmd                          0x08003db5   Thumb Code    30  stm32f4xx_dcmi.o(.text)
    DCMI_ReadData                            0x08003dd3   Thumb Code     6  stm32f4xx_dcmi.o(.text)
    DCMI_ITConfig                            0x08003dd9   Thumb Code    30  stm32f4xx_dcmi.o(.text)
    DCMI_GetFlagStatus                       0x08003df7   Thumb Code    46  stm32f4xx_dcmi.o(.text)
    DCMI_ClearFlag                           0x08003e25   Thumb Code     6  stm32f4xx_dcmi.o(.text)
    DCMI_GetITStatus                         0x08003e2b   Thumb Code    24  stm32f4xx_dcmi.o(.text)
    DCMI_ClearITPendingBit                   0x08003e43   Thumb Code     6  stm32f4xx_dcmi.o(.text)
    DMA_DeInit                               0x08003e4d   Thumb Code   324  stm32f4xx_dma.o(.text)
    DMA_Init                                 0x08003f91   Thumb Code    82  stm32f4xx_dma.o(.text)
    DMA_StructInit                           0x08003fe3   Thumb Code    34  stm32f4xx_dma.o(.text)
    DMA_Cmd                                  0x08004005   Thumb Code    22  stm32f4xx_dma.o(.text)
    DMA_PeriphIncOffsetSizeConfig            0x0800401b   Thumb Code    22  stm32f4xx_dma.o(.text)
    DMA_FlowControllerConfig                 0x08004031   Thumb Code    22  stm32f4xx_dma.o(.text)
    DMA_SetCurrDataCounter                   0x08004047   Thumb Code     4  stm32f4xx_dma.o(.text)
    DMA_GetCurrDataCounter                   0x0800404b   Thumb Code     8  stm32f4xx_dma.o(.text)
    DMA_DoubleBufferModeConfig               0x08004053   Thumb Code    24  stm32f4xx_dma.o(.text)
    DMA_DoubleBufferModeCmd                  0x0800406b   Thumb Code    22  stm32f4xx_dma.o(.text)
    DMA_MemoryTargetConfig                   0x08004081   Thumb Code    10  stm32f4xx_dma.o(.text)
    DMA_GetCurrentMemoryTarget               0x0800408b   Thumb Code    20  stm32f4xx_dma.o(.text)
    DMA_GetCmdStatus                         0x0800409f   Thumb Code    20  stm32f4xx_dma.o(.text)
    DMA_GetFIFOStatus                        0x080040b3   Thumb Code    12  stm32f4xx_dma.o(.text)
    DMA_GetFlagStatus                        0x080040bf   Thumb Code    56  stm32f4xx_dma.o(.text)
    DMA_ClearFlag                            0x080040f7   Thumb Code    40  stm32f4xx_dma.o(.text)
    DMA_ITConfig                             0x0800411f   Thumb Code    58  stm32f4xx_dma.o(.text)
    DMA_GetITStatus                          0x08004159   Thumb Code    84  stm32f4xx_dma.o(.text)
    DMA_ClearITPendingBit                    0x080041ad   Thumb Code    40  stm32f4xx_dma.o(.text)
    TIM_DeInit                               0x080041f5   Thumb Code   346  stm32f4xx_tim.o(.text)
    TIM_TimeBaseInit                         0x0800434f   Thumb Code   104  stm32f4xx_tim.o(.text)
    TIM_TimeBaseStructInit                   0x080043b7   Thumb Code    18  stm32f4xx_tim.o(.text)
    TIM_PrescalerConfig                      0x080043c9   Thumb Code     6  stm32f4xx_tim.o(.text)
    TIM_CounterModeConfig                    0x080043cf   Thumb Code    18  stm32f4xx_tim.o(.text)
    TIM_SetCounter                           0x080043e1   Thumb Code     4  stm32f4xx_tim.o(.text)
    TIM_SetAutoreload                        0x080043e5   Thumb Code     4  stm32f4xx_tim.o(.text)
    TIM_GetCounter                           0x080043e9   Thumb Code     6  stm32f4xx_tim.o(.text)
    TIM_GetPrescaler                         0x080043ef   Thumb Code     6  stm32f4xx_tim.o(.text)
    TIM_UpdateDisableConfig                  0x080043f5   Thumb Code    24  stm32f4xx_tim.o(.text)
    TIM_UpdateRequestConfig                  0x0800440d   Thumb Code    24  stm32f4xx_tim.o(.text)
    TIM_ARRPreloadConfig                     0x08004425   Thumb Code    24  stm32f4xx_tim.o(.text)
    TIM_SelectOnePulseMode                   0x0800443d   Thumb Code    18  stm32f4xx_tim.o(.text)
    TIM_SetClockDivision                     0x0800444f   Thumb Code    18  stm32f4xx_tim.o(.text)
    TIM_Cmd                                  0x08004461   Thumb Code    24  stm32f4xx_tim.o(.text)
    TIM_OC1Init                              0x08004479   Thumb Code   114  stm32f4xx_tim.o(.text)
    TIM_OC2Init                              0x080044eb   Thumb Code   154  stm32f4xx_tim.o(.text)
    TIM_OC3Init                              0x08004585   Thumb Code   204  stm32f4xx_tim.o(.text)
    TIM_OC4Init                              0x08004651   Thumb Code   112  stm32f4xx_tim.o(.text)
    TIM_OCStructInit                         0x080046c1   Thumb Code    20  stm32f4xx_tim.o(.text)
    TIM_SelectOCxM                           0x080046d5   Thumb Code    86  stm32f4xx_tim.o(.text)
    TIM_SetCompare1                          0x0800472b   Thumb Code     4  stm32f4xx_tim.o(.text)
    TIM_SetCompare2                          0x0800472f   Thumb Code     4  stm32f4xx_tim.o(.text)
    TIM_SetCompare3                          0x08004733   Thumb Code     4  stm32f4xx_tim.o(.text)
    TIM_SetCompare4                          0x08004737   Thumb Code     4  stm32f4xx_tim.o(.text)
    TIM_ForcedOC1Config                      0x0800473b   Thumb Code    18  stm32f4xx_tim.o(.text)
    TIM_ForcedOC2Config                      0x0800474d   Thumb Code    26  stm32f4xx_tim.o(.text)
    TIM_ForcedOC3Config                      0x08004767   Thumb Code    18  stm32f4xx_tim.o(.text)
    TIM_ForcedOC4Config                      0x08004779   Thumb Code    26  stm32f4xx_tim.o(.text)
    TIM_OC1PreloadConfig                     0x08004793   Thumb Code    18  stm32f4xx_tim.o(.text)
    TIM_OC2PreloadConfig                     0x080047a5   Thumb Code    26  stm32f4xx_tim.o(.text)
    TIM_OC3PreloadConfig                     0x080047bf   Thumb Code    18  stm32f4xx_tim.o(.text)
    TIM_OC4PreloadConfig                     0x080047d1   Thumb Code    26  stm32f4xx_tim.o(.text)
    TIM_OC1FastConfig                        0x080047eb   Thumb Code    18  stm32f4xx_tim.o(.text)
    TIM_OC2FastConfig                        0x080047fd   Thumb Code    26  stm32f4xx_tim.o(.text)
    TIM_OC3FastConfig                        0x08004817   Thumb Code    18  stm32f4xx_tim.o(.text)
    TIM_OC4FastConfig                        0x08004829   Thumb Code    26  stm32f4xx_tim.o(.text)
    TIM_ClearOC1Ref                          0x08004843   Thumb Code    18  stm32f4xx_tim.o(.text)
    TIM_ClearOC2Ref                          0x08004855   Thumb Code    24  stm32f4xx_tim.o(.text)
    TIM_ClearOC3Ref                          0x0800486d   Thumb Code    18  stm32f4xx_tim.o(.text)
    TIM_ClearOC4Ref                          0x0800487f   Thumb Code    24  stm32f4xx_tim.o(.text)
    TIM_OC1PolarityConfig                    0x08004897   Thumb Code    18  stm32f4xx_tim.o(.text)
    TIM_OC1NPolarityConfig                   0x080048a9   Thumb Code    18  stm32f4xx_tim.o(.text)
    TIM_OC2PolarityConfig                    0x080048bb   Thumb Code    26  stm32f4xx_tim.o(.text)
    TIM_OC2NPolarityConfig                   0x080048d5   Thumb Code    26  stm32f4xx_tim.o(.text)
    TIM_OC3PolarityConfig                    0x080048ef   Thumb Code    26  stm32f4xx_tim.o(.text)
    TIM_OC3NPolarityConfig                   0x08004909   Thumb Code    26  stm32f4xx_tim.o(.text)
    TIM_OC4PolarityConfig                    0x08004923   Thumb Code    26  stm32f4xx_tim.o(.text)
    TIM_CCxCmd                               0x0800493d   Thumb Code    30  stm32f4xx_tim.o(.text)
    TIM_CCxNCmd                              0x0800495b   Thumb Code    30  stm32f4xx_tim.o(.text)
    TIM_SetIC4Prescaler                      0x08004979   Thumb Code    26  stm32f4xx_tim.o(.text)
    TIM_SetIC3Prescaler                      0x080049e3   Thumb Code    18  stm32f4xx_tim.o(.text)
    TIM_SetIC2Prescaler                      0x08004a3d   Thumb Code    26  stm32f4xx_tim.o(.text)
    TIM_SetIC1Prescaler                      0x08004ab1   Thumb Code    18  stm32f4xx_tim.o(.text)
    TIM_ICInit                               0x08004afd   Thumb Code   110  stm32f4xx_tim.o(.text)
    TIM_ICStructInit                         0x08004b6b   Thumb Code    18  stm32f4xx_tim.o(.text)
    TIM_PWMIConfig                           0x08004b7d   Thumb Code   124  stm32f4xx_tim.o(.text)
    TIM_GetCapture1                          0x08004bf9   Thumb Code     6  stm32f4xx_tim.o(.text)
    TIM_GetCapture2                          0x08004bff   Thumb Code     6  stm32f4xx_tim.o(.text)
    TIM_GetCapture3                          0x08004c05   Thumb Code     6  stm32f4xx_tim.o(.text)
    TIM_GetCapture4                          0x08004c0b   Thumb Code     6  stm32f4xx_tim.o(.text)
    TIM_BDTRConfig                           0x08004c11   Thumb Code    32  stm32f4xx_tim.o(.text)
    TIM_BDTRStructInit                       0x08004c31   Thumb Code    18  stm32f4xx_tim.o(.text)
    TIM_CtrlPWMOutputs                       0x08004c43   Thumb Code    30  stm32f4xx_tim.o(.text)
    TIM_SelectCOM                            0x08004c61   Thumb Code    24  stm32f4xx_tim.o(.text)
    TIM_CCPreloadControl                     0x08004c79   Thumb Code    24  stm32f4xx_tim.o(.text)
    TIM_ITConfig                             0x08004c91   Thumb Code    18  stm32f4xx_tim.o(.text)
    TIM_GenerateEvent                        0x08004ca3   Thumb Code     4  stm32f4xx_tim.o(.text)
    TIM_GetFlagStatus                        0x08004ca7   Thumb Code    18  stm32f4xx_tim.o(.text)
    TIM_ClearFlag                            0x08004cb9   Thumb Code     6  stm32f4xx_tim.o(.text)
    TIM_GetITStatus                          0x08004cbf   Thumb Code    34  stm32f4xx_tim.o(.text)
    TIM_ClearITPendingBit                    0x08004ce1   Thumb Code     6  stm32f4xx_tim.o(.text)
    TIM_DMAConfig                            0x08004ce7   Thumb Code    10  stm32f4xx_tim.o(.text)
    TIM_DMACmd                               0x08004cf1   Thumb Code    18  stm32f4xx_tim.o(.text)
    TIM_SelectCCDMA                          0x08004d03   Thumb Code    24  stm32f4xx_tim.o(.text)
    TIM_InternalClockConfig                  0x08004d1b   Thumb Code    12  stm32f4xx_tim.o(.text)
    TIM_SelectInputTrigger                   0x08004d27   Thumb Code    18  stm32f4xx_tim.o(.text)
    TIM_ITRxExternalClockConfig              0x08004d39   Thumb Code    24  stm32f4xx_tim.o(.text)
    TIM_TIxExternalClockConfig               0x08004d51   Thumb Code    62  stm32f4xx_tim.o(.text)
    TIM_ETRConfig                            0x08004d8f   Thumb Code    28  stm32f4xx_tim.o(.text)
    TIM_ETRClockMode1Config                  0x08004dab   Thumb Code    54  stm32f4xx_tim.o(.text)
    TIM_ETRClockMode2Config                  0x08004de1   Thumb Code    32  stm32f4xx_tim.o(.text)
    TIM_SelectOutputTrigger                  0x08004e01   Thumb Code    18  stm32f4xx_tim.o(.text)
    TIM_SelectSlaveMode                      0x08004e13   Thumb Code    18  stm32f4xx_tim.o(.text)
    TIM_SelectMasterSlaveMode                0x08004e25   Thumb Code    18  stm32f4xx_tim.o(.text)
    TIM_EncoderInterfaceConfig               0x08004e37   Thumb Code    66  stm32f4xx_tim.o(.text)
    TIM_SelectHallSensor                     0x08004e79   Thumb Code    24  stm32f4xx_tim.o(.text)
    TIM_RemapConfig                          0x08004e91   Thumb Code     6  stm32f4xx_tim.o(.text)
    EXTI_DeInit                              0x08004e99   Thumb Code    28  stm32f4xx_exti.o(.text)
    EXTI_Init                                0x08004eb5   Thumb Code   142  stm32f4xx_exti.o(.text)
    EXTI_StructInit                          0x08004f43   Thumb Code    16  stm32f4xx_exti.o(.text)
    EXTI_GenerateSWInterrupt                 0x08004f53   Thumb Code    16  stm32f4xx_exti.o(.text)
    EXTI_GetFlagStatus                       0x08004f63   Thumb Code    22  stm32f4xx_exti.o(.text)
    EXTI_ClearFlag                           0x08004f79   Thumb Code     8  stm32f4xx_exti.o(.text)
    EXTI_GetITStatus                         0x08004f81   Thumb Code    22  stm32f4xx_exti.o(.text)
    EXTI_ClearITPendingBit                   0x08004f97   Thumb Code     8  stm32f4xx_exti.o(.text)
    __use_no_semihosting                     0x08004fa9   Thumb Code     2  use_no_semi_2.o(.text)
    __2printf                                0x08004fad   Thumb Code    20  noretval__2printf.o(.text)
    __2sprintf                               0x08004fc5   Thumb Code    34  noretval__2sprintf.o(.text)
    __printf                                 0x08004fed   Thumb Code   104  __printf.o(.text)
    _printf_str                              0x08005055   Thumb Code    82  _printf_str.o(.text)
    _printf_int_dec                          0x080050a9   Thumb Code   104  _printf_dec.o(.text)
    strstr                                   0x08005121   Thumb Code    36  strstr.o(.text)
    strncpy                                  0x08005145   Thumb Code    86  strncpy.o(.text)
    __use_two_region_memory                  0x0800519b   Thumb Code     2  heapauxi.o(.text)
    __rt_heap_escrow$2region                 0x0800519d   Thumb Code     2  heapauxi.o(.text)
    __rt_heap_expand$2region                 0x0800519f   Thumb Code     2  heapauxi.o(.text)
    __I$use$semihosting                      0x080051a1   Thumb Code     0  use_no_semi.o(.text)
    __use_no_semihosting_swi                 0x080051a1   Thumb Code     2  use_no_semi.o(.text)
    _printf_int_common                       0x080051a3   Thumb Code   178  _printf_intcommon.o(.text)
    _printf_char_common                      0x0800525f   Thumb Code    32  _printf_char_common.o(.text)
    _sputc                                   0x08005285   Thumb Code    10  _sputc.o(.text)
    _printf_cs_common                        0x0800528f   Thumb Code    20  _printf_char.o(.text)
    _printf_char                             0x080052a3   Thumb Code    16  _printf_char.o(.text)
    _printf_string                           0x080052b3   Thumb Code     8  _printf_char.o(.text)
    _printf_char_file                        0x080052bd   Thumb Code    32  _printf_char_file.o(.text)
    __aeabi_memclr                           0x080052e1   Thumb Code     0  rt_memclr.o(.text)
    __rt_memclr                              0x080052e1   Thumb Code    68  rt_memclr.o(.text)
    _memset                                  0x080052e5   Thumb Code     0  rt_memclr.o(.text)
    ferror                                   0x08005325   Thumb Code     8  ferror.o(.text)
    __aeabi_memclr4                          0x0800532d   Thumb Code     0  rt_memclr_w.o(.text)
    __aeabi_memclr8                          0x0800532d   Thumb Code     0  rt_memclr_w.o(.text)
    __rt_memclr_w                            0x0800532d   Thumb Code    78  rt_memclr_w.o(.text)
    _memset_w                                0x08005331   Thumb Code     0  rt_memclr_w.o(.text)
    __user_setup_stackheap                   0x0800537b   Thumb Code    74  sys_stackheap_outer.o(.text)
    exit                                     0x080053c5   Thumb Code    18  exit.o(.text)
    __user_libspace                          0x080053d9   Thumb Code     8  libspace.o(.text)
    __user_perproc_libspace                  0x080053d9   Thumb Code     0  libspace.o(.text)
    __user_perthread_libspace                0x080053d9   Thumb Code     0  libspace.o(.text)
    _fp_init                                 0x080053e1   Thumb Code    10  fpinit.o(x$fpl$fpinit)
    __fplib_config_fpu_vfp                   0x080053e9   Thumb Code     0  fpinit.o(x$fpl$fpinit)
    __fplib_config_pureend_doubles           0x080053e9   Thumb Code     0  fpinit.o(x$fpl$fpinit)
    jpeg_img_size_tbl                        0x080053ea   Data          36  main.o(.constdata)
    ov2640_sxga_init_reg_tbl                 0x0800540e   Data         356  ov2640.o(.constdata)
    ov2640_svga_init_reg_tbl                 0x08005572   Data         354  ov2640.o(.constdata)
    ov2640_jpeg_reg_tbl                      0x080056d4   Data          14  ov2640.o(.constdata)
    ov2640_rgb565_reg_tbl                    0x080056e2   Data          28  ov2640.o(.constdata)
    ov2640_yuv422_reg_tbl                    0x080056fe   Data          16  ov2640.o(.constdata)
    asc2_0806                                0x08005736   Data         552  oled.o(.constdata)
    asc2_1206                                0x0800595e   Data        1140  oled.o(.constdata)
    asc2_1608                                0x08005dd2   Data        1520  oled.o(.constdata)
    asc2_2412                                0x080063c2   Data        3420  oled.o(.constdata)
    Hzk1                                     0x0800711e   Data         544  oled.o(.constdata)
    Hzk2                                     0x0800733e   Data          72  oled.o(.constdata)
    Hzk3                                     0x08007386   Data         128  oled.o(.constdata)
    Hzk4                                     0x08007406   Data         512  oled.o(.constdata)
    Region$$Table$$Base                      0x08007608   Number         0  anon$$obj.o(Region$$Table)
    Region$$Table$$Limit                     0x08007628   Number         0  anon$$obj.o(Region$$Table)
    ov2640_mode                              0x20000000   Data           1  main.o(.data)
    p                                        0x20000004   Data           4  main.o(.data)
    size                                     0x20000008   Data           1  main.o(.data)
    i                                        0x2000000c   Data           4  main.o(.data)
    jpeg_data_len                            0x20000010   Data           4  main.o(.data)
    jpeg_data_ok                             0x20000014   Data           1  main.o(.data)
    flag1_T                                  0x20000015   Data           1  main.o(.data)
    flag1_F                                  0x20000016   Data           1  main.o(.data)
    flag2_T                                  0x20000017   Data           1  main.o(.data)
    flag2_F                                  0x20000018   Data           1  main.o(.data)
    flag3_T                                  0x20000019   Data           1  main.o(.data)
    flag3_F                                  0x2000001a   Data           1  main.o(.data)
    flag4_T                                  0x2000001b   Data           1  main.o(.data)
    flag4_F                                  0x2000001c   Data           1  main.o(.data)
    length                                   0x20000020   Data           4  main.o(.data)
    carInitFlag                              0x20000024   Data           4  main.o(.data)
    overCarFlag                              0x20000028   Data           1  main.o(.data)
    initEsp8266Success                       0x2000002c   Data           4  main.o(.data)
    TCPIP                                    0x20000030   Data          16  main.o(.data)
    TCPPORT                                  0x20000040   Data           6  main.o(.data)
    WIFIname                                 0x20000046   Data           7  main.o(.data)
    WIFIpassword                             0x2000004d   Data          10  main.o(.data)
    userName                                 0x20000057   Data          20  main.o(.data)
    password                                 0x2000006b   Data          65  main.o(.data)
    mqttUrl                                  0x200000ac   Data          45  main.o(.data)
    clientId                                 0x200000d9   Data          82  main.o(.data)
    subTopic                                 0x2000012b   Data          30  main.o(.data)
    pubTopic                                 0x20000149   Data          33  main.o(.data)
    SystemCoreClock                          0x2000016c   Data           4  system_stm32f4xx.o(.data)
    AHBPrescTable                            0x20000170   Data          16  system_stm32f4xx.o(.data)
    ov_frame                                 0x20000180   Data           1  dcmi.o(.data)
    USART2_RX_STA                            0x20000184   Data           2  esp8266.o(.data)
    dataBuf                                  0x20000188   Data           4  esp8266.o(.data)
    id                                       0x2000018c   Data           1  esp8266.o(.data)
    status                                   0x2000018d   Data           1  esp8266.o(.data)
    mscount                                  0x20000190   Data           2  hcsr04.o(.data)
    flag                                     0x20000194   Data           4  hcsr04.o(.data)
    TIMcount                                 0x20000198   Data           4  hcsr04.o(.data)
    openTimer                                0x2000019c   Data           4  timer.o(.data)
    RopenTimer                               0x200001a0   Data           4  timer.o(.data)
    __stdout                                 0x200001a8   Data           4  usart.o(.data)
    USART_RX_STA                             0x200001ac   Data           2  usart.o(.data)
    jpeg_buf                                 0x200001c0   Data       40960  main.o(.bss)
    carBookingStatus                         0x2000a1c0   Data          16  main.o(.bss)
    DCMI_InitStructure                       0x2000a1d0   Data          14  dcmi.o(.bss)
    USART2_RX_BUF                            0x2000a1de   Data         200  esp8266.o(.bss)
    MQTTUSERCFG                              0x2000a2a6   Data         256  esp8266.o(.bss)
    MQTTCLIENTID                             0x2000a3a6   Data         256  esp8266.o(.bss)
    MQTTCONN                                 0x2000a4a6   Data         256  esp8266.o(.bss)
    CWJAP                                    0x2000a5a6   Data         256  esp8266.o(.bss)
    SUBTOPIC                                 0x2000a6a6   Data         256  esp8266.o(.bss)
    PUBTOPIC                                 0x2000a7a6   Data         256  esp8266.o(.bss)
    DATA                                     0x2000a8a6   Data          32  esp8266.o(.bss)
    PHONE                                    0x2000a8c6   Data          32  esp8266.o(.bss)
    phone                                    0x2000a8e6   Data          11  esp8266.o(.bss)
    OLED_GRAM                                0x2000a8f1   Data        1152  oled.o(.bss)
    phoneBuf                                 0x2000ad74   Data         512  sim900a.o(.bss)
    USART_RX_BUF                             0x2000af74   Data         200  usart.o(.bss)
    __libspace_start                         0x2000b03c   Data          96  libspace.o(.bss)
    __temporary_stack_top$libspace           0x2000b09c   Data           0  libspace.o(.bss)



==============================================================================

Memory Map of the image

  Image Entry point : 0x08000189

  Load Region LR_IROM1 (Base: 0x08000000, Size: 0x000077e8, Max: 0x00100000, ABSOLUTE, COMPRESSED[0x00007758])

    Execution Region ER_IROM1 (Base: 0x08000000, Size: 0x00007628, Max: 0x00100000, ABSOLUTE)

    Base Addr    Size         Type   Attr      Idx    E Section Name        Object

    0x08000000   0x00000188   Data   RO          610    RESET               startup_stm32f40_41xxx.o
    0x08000188   0x00000008   Code   RO          867  * !!!main             c_w.l(__main.o)
    0x08000190   0x00000034   Code   RO         1045    !!!scatter          c_w.l(__scatter.o)
    0x080001c4   0x0000005a   Code   RO         1043    !!dczerorl2         c_w.l(__dczerorl2.o)
    0x0800021e   0x00000002   PAD
    0x08000220   0x0000001c   Code   RO         1047    !!handler_zi        c_w.l(__scatter_zi.o)
    0x0800023c   0x00000000   Code   RO          860    .ARM.Collect$$_printf_percent$$00000000  c_w.l(_printf_percent.o)
    0x0800023c   0x00000006   Code   RO          859    .ARM.Collect$$_printf_percent$$00000009  c_w.l(_printf_d.o)
    0x08000242   0x00000006   Code   RO          858    .ARM.Collect$$_printf_percent$$00000014  c_w.l(_printf_s.o)
    0x08000248   0x00000004   Code   RO          882    .ARM.Collect$$_printf_percent$$00000017  c_w.l(_printf_percent_end.o)
    0x0800024c   0x00000002   Code   RO          917    .ARM.Collect$$libinit$$00000000  c_w.l(libinit.o)
    0x0800024e   0x00000004   Code   RO          923    .ARM.Collect$$libinit$$00000001  c_w.l(libinit2.o)
    0x08000252   0x00000000   Code   RO          926    .ARM.Collect$$libinit$$00000004  c_w.l(libinit2.o)
    0x08000252   0x00000000   Code   RO          929    .ARM.Collect$$libinit$$0000000A  c_w.l(libinit2.o)
    0x08000252   0x00000000   Code   RO          931    .ARM.Collect$$libinit$$0000000C  c_w.l(libinit2.o)
    0x08000252   0x00000000   Code   RO          933    .ARM.Collect$$libinit$$0000000E  c_w.l(libinit2.o)
    0x08000252   0x00000000   Code   RO          936    .ARM.Collect$$libinit$$00000011  c_w.l(libinit2.o)
    0x08000252   0x00000000   Code   RO          938    .ARM.Collect$$libinit$$00000013  c_w.l(libinit2.o)
    0x08000252   0x00000000   Code   RO          940    .ARM.Collect$$libinit$$00000015  c_w.l(libinit2.o)
    0x08000252   0x00000000   Code   RO          942    .ARM.Collect$$libinit$$00000017  c_w.l(libinit2.o)
    0x08000252   0x00000000   Code   RO          944    .ARM.Collect$$libinit$$00000019  c_w.l(libinit2.o)
    0x08000252   0x00000000   Code   RO          946    .ARM.Collect$$libinit$$0000001B  c_w.l(libinit2.o)
    0x08000252   0x00000000   Code   RO          948    .ARM.Collect$$libinit$$0000001D  c_w.l(libinit2.o)
    0x08000252   0x00000000   Code   RO          950    .ARM.Collect$$libinit$$0000001F  c_w.l(libinit2.o)
    0x08000252   0x00000000   Code   RO          952    .ARM.Collect$$libinit$$00000021  c_w.l(libinit2.o)
    0x08000252   0x00000000   Code   RO          954    .ARM.Collect$$libinit$$00000023  c_w.l(libinit2.o)
    0x08000252   0x00000000   Code   RO          956    .ARM.Collect$$libinit$$00000025  c_w.l(libinit2.o)
    0x08000252   0x00000000   Code   RO          960    .ARM.Collect$$libinit$$0000002C  c_w.l(libinit2.o)
    0x08000252   0x00000000   Code   RO          962    .ARM.Collect$$libinit$$0000002E  c_w.l(libinit2.o)
    0x08000252   0x00000000   Code   RO          964    .ARM.Collect$$libinit$$00000030  c_w.l(libinit2.o)
    0x08000252   0x00000000   Code   RO          966    .ARM.Collect$$libinit$$00000032  c_w.l(libinit2.o)
    0x08000252   0x00000002   Code   RO          967    .ARM.Collect$$libinit$$00000033  c_w.l(libinit2.o)
    0x08000254   0x00000002   Code   RO          985    .ARM.Collect$$libshutdown$$00000000  c_w.l(libshutdown.o)
    0x08000256   0x00000000   Code   RO          995    .ARM.Collect$$libshutdown$$00000002  c_w.l(libshutdown2.o)
    0x08000256   0x00000000   Code   RO          997    .ARM.Collect$$libshutdown$$00000004  c_w.l(libshutdown2.o)
    0x08000256   0x00000000   Code   RO         1000    .ARM.Collect$$libshutdown$$00000007  c_w.l(libshutdown2.o)
    0x08000256   0x00000000   Code   RO         1003    .ARM.Collect$$libshutdown$$0000000A  c_w.l(libshutdown2.o)
    0x08000256   0x00000000   Code   RO         1005    .ARM.Collect$$libshutdown$$0000000C  c_w.l(libshutdown2.o)
    0x08000256   0x00000000   Code   RO         1008    .ARM.Collect$$libshutdown$$0000000F  c_w.l(libshutdown2.o)
    0x08000256   0x00000002   Code   RO         1009    .ARM.Collect$$libshutdown$$00000010  c_w.l(libshutdown2.o)
    0x08000258   0x00000000   Code   RO          871    .ARM.Collect$$rtentry$$00000000  c_w.l(__rtentry.o)
    0x08000258   0x00000000   Code   RO          886    .ARM.Collect$$rtentry$$00000002  c_w.l(__rtentry2.o)
    0x08000258   0x00000006   Code   RO          898    .ARM.Collect$$rtentry$$00000004  c_w.l(__rtentry4.o)
    0x0800025e   0x00000000   Code   RO          888    .ARM.Collect$$rtentry$$00000009  c_w.l(__rtentry2.o)
    0x0800025e   0x00000004   Code   RO          889    .ARM.Collect$$rtentry$$0000000A  c_w.l(__rtentry2.o)
    0x08000262   0x00000000   Code   RO          891    .ARM.Collect$$rtentry$$0000000C  c_w.l(__rtentry2.o)
    0x08000262   0x00000008   Code   RO          892    .ARM.Collect$$rtentry$$0000000D  c_w.l(__rtentry2.o)
    0x0800026a   0x00000002   Code   RO          921    .ARM.Collect$$rtexit$$00000000  c_w.l(rtexit.o)
    0x0800026c   0x00000000   Code   RO          969    .ARM.Collect$$rtexit$$00000002  c_w.l(rtexit2.o)
    0x0800026c   0x00000004   Code   RO          970    .ARM.Collect$$rtexit$$00000003  c_w.l(rtexit2.o)
    0x08000270   0x00000006   Code   RO          971    .ARM.Collect$$rtexit$$00000004  c_w.l(rtexit2.o)
    0x08000276   0x00000002   PAD
    0x08000278   0x00000754   Code   RO            3    .text               main.o
    0x080009cc   0x0000001a   Code   RO          184    .text               stm32f4xx_it.o
    0x080009e6   0x00000002   PAD
    0x080009e8   0x00000210   Code   RO          233    .text               system_stm32f4xx.o
    0x08000bf8   0x000005e4   Code   RO          259    .text               ov2640.o
    0x080011dc   0x00000274   Code   RO          291    .text               sccb.o
    0x08001450   0x000001f4   Code   RO          311    .text               dcmi.o
    0x08001644   0x000004e8   Code   RO          338    .text               esp8266.o
    0x08001b2c   0x000001f4   Code   RO          376    .text               hcsr04.o
    0x08001d20   0x000000c8   Code   RO          402    .text               key.o
    0x08001de8   0x00000a58   Code   RO          436    .text               oled.o
    0x08002840   0x0000019c   Code   RO          466    .text               sim900a.o
    0x080029dc   0x0000015c   Code   RO          492    .text               timer.o
    0x08002b38   0x00000034   Code   RO          516    .text               car.o
    0x08002b6c   0x00000104   Code   RO          539    .text               delay.o
    0x08002c70   0x00000158   Code   RO          579    .text               usart.o
    0x08002dc8   0x00000040   Code   RO          611    .text               startup_stm32f40_41xxx.o
    0x08002e08   0x000000e0   Code   RO          617    .text               misc.o
    0x08002ee8   0x00000294   Code   RO          637    .text               stm32f4xx_gpio.o
    0x0800317c   0x0000065c   Code   RO          657    .text               stm32f4xx_rcc.o
    0x080037d8   0x00000454   Code   RO          679    .text               stm32f4xx_usart.o
    0x08003c2c   0x00000094   Code   RO          699    .text               stm32f4xx_syscfg.o
    0x08003cc0   0x0000018c   Code   RO          742    .text               stm32f4xx_dcmi.o
    0x08003e4c   0x000003a8   Code   RO          762    .text               stm32f4xx_dma.o
    0x080041f4   0x00000ca2   Code   RO          782    .text               stm32f4xx_tim.o
    0x08004e96   0x00000002   PAD
    0x08004e98   0x00000110   Code   RO          802    .text               stm32f4xx_exti.o
    0x08004fa8   0x00000002   Code   RO          822    .text               c_w.l(use_no_semi_2.o)
    0x08004faa   0x00000002   PAD
    0x08004fac   0x00000018   Code   RO          828    .text               c_w.l(noretval__2printf.o)
    0x08004fc4   0x00000028   Code   RO          830    .text               c_w.l(noretval__2sprintf.o)
    0x08004fec   0x00000068   Code   RO          832    .text               c_w.l(__printf.o)
    0x08005054   0x00000052   Code   RO          834    .text               c_w.l(_printf_str.o)
    0x080050a6   0x00000002   PAD
    0x080050a8   0x00000078   Code   RO          836    .text               c_w.l(_printf_dec.o)
    0x08005120   0x00000024   Code   RO          861    .text               c_w.l(strstr.o)
    0x08005144   0x00000056   Code   RO          863    .text               c_w.l(strncpy.o)
    0x0800519a   0x00000006   Code   RO          865    .text               c_w.l(heapauxi.o)
    0x080051a0   0x00000002   Code   RO          869    .text               c_w.l(use_no_semi.o)
    0x080051a2   0x000000b2   Code   RO          872    .text               c_w.l(_printf_intcommon.o)
    0x08005254   0x00000030   Code   RO          874    .text               c_w.l(_printf_char_common.o)
    0x08005284   0x0000000a   Code   RO          876    .text               c_w.l(_sputc.o)
    0x0800528e   0x0000002c   Code   RO          878    .text               c_w.l(_printf_char.o)
    0x080052ba   0x00000002   PAD
    0x080052bc   0x00000024   Code   RO          880    .text               c_w.l(_printf_char_file.o)
    0x080052e0   0x00000044   Code   RO          883    .text               c_w.l(rt_memclr.o)
    0x08005324   0x00000008   Code   RO          902    .text               c_w.l(ferror.o)
    0x0800532c   0x0000004e   Code   RO          906    .text               c_w.l(rt_memclr_w.o)
    0x0800537a   0x0000004a   Code   RO          908    .text               c_w.l(sys_stackheap_outer.o)
    0x080053c4   0x00000012   Code   RO          910    .text               c_w.l(exit.o)
    0x080053d6   0x00000002   PAD
    0x080053d8   0x00000008   Code   RO          918    .text               c_w.l(libspace.o)
    0x080053e0   0x0000000a   Code   RO          977    x$fpl$fpinit        fz_wm.l(fpinit.o)
    0x080053ea   0x00000024   Data   RO            5    .constdata          main.o
    0x0800540e   0x00000328   Data   RO          260    .constdata          ov2640.o
    0x08005736   0x00001ed0   Data   RO          438    .constdata          oled.o
    0x08007606   0x00000002   PAD
    0x08007608   0x00000020   Data   RO         1041    Region$$Table       anon$$obj.o


    Execution Region RW_IRAM1 (Base: 0x20000000, Size: 0x0000b6a0, Max: 0x00020000, ABSOLUTE, COMPRESSED[0x00000130])

    Base Addr    Size         Type   Attr      Idx    E Section Name        Object

    0x20000000   0x0000016a   Data   RW            6    .data               main.o
    0x2000016a   0x00000002   PAD
    0x2000016c   0x00000014   Data   RW          234    .data               system_stm32f4xx.o
    0x20000180   0x00000001   Data   RW          313    .data               dcmi.o
    0x20000181   0x00000003   PAD
    0x20000184   0x0000000a   Data   RW          340    .data               esp8266.o
    0x2000018e   0x00000002   PAD
    0x20000190   0x0000000c   Data   RW          377    .data               hcsr04.o
    0x2000019c   0x00000008   Data   RW          493    .data               timer.o
    0x200001a4   0x00000004   Data   RW          540    .data               delay.o
    0x200001a8   0x00000006   Data   RW          581    .data               usart.o
    0x200001ae   0x00000010   Data   RW          658    .data               stm32f4xx_rcc.o
    0x200001be   0x00000002   PAD
    0x200001c0   0x0000a010   Zero   RW            4    .bss                main.o
    0x2000a1d0   0x0000000e   Zero   RW          312    .bss                dcmi.o
    0x2000a1de   0x00000713   Zero   RW          339    .bss                esp8266.o
    0x2000a8f1   0x00000480   Zero   RW          437    .bss                oled.o
    0x2000ad71   0x00000003   PAD
    0x2000ad74   0x00000200   Zero   RW          467    .bss                sim900a.o
    0x2000af74   0x000000c8   Zero   RW          580    .bss                usart.o
    0x2000b03c   0x00000060   Zero   RW          919    .bss                c_w.l(libspace.o)
    0x2000b09c   0x00000004   PAD
    0x2000b0a0   0x00000200   Zero   RW          609    HEAP                startup_stm32f40_41xxx.o
    0x2000b2a0   0x00000400   Zero   RW          608    STACK               startup_stm32f40_41xxx.o


==============================================================================

Image component sizes


      Code (inc. data)   RO Data    RW Data    ZI Data      Debug   Object Name

        52          6          0          0          0        514   car.o
       500         32          0          1         14       1828   dcmi.o
       260          8          0          4          0       1517   delay.o
      1256        424          0         10       1811       4316   esp8266.o
       500         52          0         12          0       2299   hcsr04.o
       200         30          0          0          0        801   key.o
      1876        512         36        362      40976     305089   main.o
       224         20          0          0          0       1853   misc.o
      2648         60       7888          0       1152       9841   oled.o
      1508         66        808          0          0       6069   ov2640.o
       628         12          0          0          0       2059   sccb.o
       412         92          0          0        512       2174   sim900a.o
        64         26        392          0       1536        844   startup_stm32f40_41xxx.o
       396          4          0          0          0       3514   stm32f4xx_dcmi.o
       936         32          0          0          0       6429   stm32f4xx_dma.o
       272         10          0          0          0       2319   stm32f4xx_exti.o
       660         44          0          0          0       4193   stm32f4xx_gpio.o
        26          0          0          0          0       1238   stm32f4xx_it.o
      1628         52          0         16          0      13088   stm32f4xx_rcc.o
       148         12          0          0          0       1861   stm32f4xx_syscfg.o
      3234         60          0          0          0      23048   stm32f4xx_tim.o
      1108         34          0          0          0       7916   stm32f4xx_usart.o
       528         46          0         20          0       1831   system_stm32f4xx.o
       348         20          0          8          0       1521   timer.o
       344         18          0          6        200       3386   usart.o

    ----------------------------------------------------------------------
     19760       1672       9158        448      46204     409548   Object Totals
         0          0         32          0          0          0   (incl. Generated)
         4          0          2          9          3          0   (incl. Padding)

    ----------------------------------------------------------------------

      Code (inc. data)   RO Data    RW Data    ZI Data      Debug   Library Member Name

        90          0          0          0          0          0   __dczerorl2.o
         8          0          0          0          0         68   __main.o
       104          0          0          0          0         84   __printf.o
         0          0          0          0          0          0   __rtentry.o
        12          0          0          0          0          0   __rtentry2.o
         6          0          0          0          0          0   __rtentry4.o
        52          8          0          0          0          0   __scatter.o
        28          0          0          0          0          0   __scatter_zi.o
        44          0          0          0          0        108   _printf_char.o
        48          6          0          0          0         96   _printf_char_common.o
        36          4          0          0          0         80   _printf_char_file.o
         6          0          0          0          0          0   _printf_d.o
       120         16          0          0          0         92   _printf_dec.o
       178          0          0          0          0         88   _printf_intcommon.o
         0          0          0          0          0          0   _printf_percent.o
         4          0          0          0          0          0   _printf_percent_end.o
         6          0          0          0          0          0   _printf_s.o
        82          0          0          0          0         80   _printf_str.o
        10          0          0          0          0         68   _sputc.o
        18          0          0          0          0         80   exit.o
         8          0          0          0          0         68   ferror.o
         6          0          0          0          0        152   heapauxi.o
         2          0          0          0          0          0   libinit.o
         6          0          0          0          0          0   libinit2.o
         2          0          0          0          0          0   libshutdown.o
         2          0          0          0          0          0   libshutdown2.o
         8          4          0          0         96         68   libspace.o
        24          4          0          0          0         84   noretval__2printf.o
        40          6          0          0          0         84   noretval__2sprintf.o
        68          0          0          0          0         68   rt_memclr.o
        78          0          0          0          0         80   rt_memclr_w.o
         2          0          0          0          0          0   rtexit.o
        10          0          0          0          0          0   rtexit2.o
        86          0          0          0          0         76   strncpy.o
        36          0          0          0          0         80   strstr.o
        74          0          0          0          0         80   sys_stackheap_outer.o
         2          0          0          0          0         68   use_no_semi.o
         2          0          0          0          0         68   use_no_semi_2.o
        10          0          0          0          0        116   fpinit.o

    ----------------------------------------------------------------------
      1330         48          0          0        100       1936   Library Totals
        12          0          0          0          4          0   (incl. Padding)

    ----------------------------------------------------------------------

      Code (inc. data)   RO Data    RW Data    ZI Data      Debug   Library Name

      1308         48          0          0         96       1820   c_w.l
        10          0          0          0          0        116   fz_wm.l

    ----------------------------------------------------------------------
      1330         48          0          0        100       1936   Library Totals

    ----------------------------------------------------------------------

==============================================================================


      Code (inc. data)   RO Data    RW Data    ZI Data      Debug   

     21090       1720       9158        448      46304     405848   Grand Totals
     21090       1720       9158        304      46304     405848   ELF Image Totals (compressed)
     21090       1720       9158        304          0          0   ROM Totals

==============================================================================

    Total RO  Size (Code + RO Data)                30248 (  29.54kB)
    Total RW  Size (RW Data + ZI Data)             46752 (  45.66kB)
    Total ROM Size (Code + RO Data + RW Data)      30552 (  29.84kB)

==============================================================================

